---
source: src/tests/writer.rs
expression: handle
---
==================
Dumping index 0
Root: Metadata { dimensions: 30, items: RoaringBitmap<100 values between 0 and 99>, roots: [0, 1, 2, 3, 4, 5, 6, 7, 8, 9], distance: "euclidean" }
Version: Version { major: 0, minor: 7, patch: 0 }
Tree 0: SplitPlaneNormal(SplitPlaneNormal<euclidean> { left: 88, right: 91, normal: Leaf { header: NodeHeaderEuclidean { bias: "0.3733" }, vector: [-0.0475, -0.1496, 0.1344, -0.1902, -0.2161, -0.4158, -0.1593, 0.1212, -0.0136, 0.2277, "other ..."] } })
Tree 1: SplitPlaneNormal(SplitPlaneNormal<euclidean> { left: 76, right: 81, normal: Leaf { header: NodeHeaderEuclidean { bias: "-0.4143" }, vector: [-0.1850, 0.1162, 0.1506, 0.1488, 0.2308, 0.1370, -0.2152, -0.0274, -0.0407, -0.2282, "other ..."] } })
Tree 2: SplitPlaneNormal(SplitPlaneNormal<euclidean> { left: 66, right: 73, normal: Leaf { header: NodeHeaderEuclidean { bias: "-0.0804" }, vector: [0.1941, -0.1680, -0.0860, -0.4588, 0.2054, 0.0884, 0.0622, 0.1314, 0.1377, -0.2936, "other ..."] } })
Tree 3: SplitPlaneNormal(SplitPlaneNormal<euclidean> { left: 58, right: 63, normal: Leaf { header: NodeHeaderEuclidean { bias: "0.0458" }, vector: [-0.0598, -0.0926, -0.1871, -0.0077, 0.2839, 0.2008, 0.1168, -0.3345, -0.0870, 0.0621, "other ..."] } })
Tree 4: SplitPlaneNormal(SplitPlaneNormal<euclidean> { left: 50, right: 53, normal: Leaf { header: NodeHeaderEuclidean { bias: "0.0933" }, vector: [-0.2249, -0.2354, -0.2492, 0.0508, -0.0488, 0.3083, 0.0932, -0.0190, -0.4116, -0.0404, "other ..."] } })
Tree 5: SplitPlaneNormal(SplitPlaneNormal<euclidean> { left: 38, right: 45, normal: Leaf { header: NodeHeaderEuclidean { bias: "0.0963" }, vector: [0.0636, -0.2729, 0.4830, 0.1626, 0.0343, -0.0273, -0.0742, 0.0450, -0.3975, -0.3293, "other ..."] } })
Tree 6: SplitPlaneNormal(SplitPlaneNormal<euclidean> { left: 32, right: 35, normal: Leaf { header: NodeHeaderEuclidean { bias: "0.6869" }, vector: [0.0755, 0.2682, -0.0986, 0.3341, 0.0086, -0.0666, -0.2590, -0.1551, 0.0651, -0.0362, "other ..."] } })
Tree 7: SplitPlaneNormal(SplitPlaneNormal<euclidean> { left: 26, right: 29, normal: Leaf { header: NodeHeaderEuclidean { bias: "0.0797" }, vector: [-0.0053, 0.4627, 0.0033, -0.1321, 0.2763, -0.0670, -0.0985, -0.1405, 0.3819, 0.0681, "other ..."] } })
Tree 8: SplitPlaneNormal(SplitPlaneNormal<euclidean> { left: 22, right: 23, normal: Leaf { header: NodeHeaderEuclidean { bias: "-0.3843" }, vector: [-0.3055, 0.2263, 0.3598, -0.0777, -0.0538, -0.1513, -0.0809, 0.1401, 0.0514, 0.2712, "other ..."] } })
Tree 9: SplitPlaneNormal(SplitPlaneNormal<euclidean> { left: 12, right: 17, normal: Leaf { header: NodeHeaderEuclidean { bias: "0.9466" }, vector: [-0.1459, -0.2139, -0.2989, 0.0100, -0.1856, -0.0497, 0.1403, 0.0371, -0.2027, 0.1831, "other ..."] } })
Tree 12: SplitPlaneNormal(SplitPlaneNormal<euclidean> { left: 118, right: 119, normal: Leaf { header: NodeHeaderEuclidean { bias: "-0.9158" }, vector: [-0.0458, 0.2305, 0.1661, 0.0458, -0.2590, -0.1403, 0.2607, 0.4083, 0.4034, -0.0825, "other ..."] } })
Tree 15: SplitPlaneNormal(SplitPlaneNormal<euclidean> { left: 116, right: 117, normal: Leaf { header: NodeHeaderEuclidean { bias: "0.6717" }, vector: [0.2202, -0.1642, -0.2834, -0.0990, 0.0846, -0.0629, -0.0479, -0.1356, -0.1214, -0.0144, "other ..."] } })
Tree 16: Descendants(Descendants { descendants: [1, 4, 5, 7, 9, 20, 29, 31, 34, 35, 42, 49, 53, 58, 63, 65, 69, 75, 82, 83, 90, 94, 97] })
Tree 17: SplitPlaneNormal(SplitPlaneNormal<euclidean> { left: 15, right: 16, normal: Leaf { header: NodeHeaderEuclidean { bias: "0.3772" }, vector: [0.1033, -0.4242, -0.0800, -0.1632, 0.1052, -0.0050, 0.2207, -0.1568, -0.0534, -0.0278, "other ..."] } })
Tree 20: SplitPlaneNormal(SplitPlaneNormal<euclidean> { left: 104, right: 105, normal: Leaf { header: NodeHeaderEuclidean { bias: "0.3104" }, vector: [0.0826, -0.5362, 0.1182, -0.0236, -0.1482, -0.0931, 0.1951, -0.2227, -0.1086, -0.0982, "other ..."] } })
Tree 21: SplitPlaneNormal(SplitPlaneNormal<euclidean> { left: 102, right: 103, normal: Leaf { header: NodeHeaderEuclidean { bias: "-1.0630" }, vector: [-0.0780, 0.1337, 0.4574, 0.0526, 0.1908, 0.0708, -0.0698, -0.1701, 0.1157, 0.0710, "other ..."] } })
Tree 22: SplitPlaneNormal(SplitPlaneNormal<euclidean> { left: 20, right: 21, normal: Leaf { header: NodeHeaderEuclidean { bias: "0.2139" }, vector: [0.0683, -0.0814, 0.0252, -0.1067, -0.2097, -0.0424, 0.1001, 0.3194, 0.0825, 0.0236, "other ..."] } })
Tree 23: Descendants(Descendants { descendants: [1, 3, 5, 6, 7, 9, 15, 17, 26, 27, 32, 39, 44, 53, 60, 69, 73, 79, 81, 90, 92, 96] })
Tree 26: SplitPlaneNormal(SplitPlaneNormal<euclidean> { left: 94, right: 95, normal: Leaf { header: NodeHeaderEuclidean { bias: "0.2166" }, vector: [-0.1899, 0.2916, 0.3346, 0.0524, 0.0863, -0.2032, -0.0673, -0.0062, -0.1249, -0.0454, "other ..."] } })
Tree 27: Descendants(Descendants { descendants: [2, 8, 17, 19, 23, 27, 32, 40, 41, 45, 47, 52, 53, 54, 55, 56, 64, 70, 71, 72, 73, 74, 76, 77, 78, 79, 80, 91, 97, 99] })
Tree 28: SplitPlaneNormal(SplitPlaneNormal<euclidean> { left: 96, right: 97, normal: Leaf { header: NodeHeaderEuclidean { bias: "-0.2331" }, vector: [-0.0662, -0.0246, 0.0656, -0.1624, -0.0047, -0.2392, 0.2543, 0.0888, 0.0744, -0.0221, "other ..."] } })
Tree 29: SplitPlaneNormal(SplitPlaneNormal<euclidean> { left: 27, right: 28, normal: Leaf { header: NodeHeaderEuclidean { bias: "-0.3445" }, vector: [0.0543, -0.0671, 0.0759, 0.0437, -0.0054, -0.0953, 0.1007, 0.0988, 0.0009, -0.2796, "other ..."] } })
Tree 32: SplitPlaneNormal(SplitPlaneNormal<euclidean> { left: 140, right: 141, normal: Leaf { header: NodeHeaderEuclidean { bias: "0.3528" }, vector: [-0.1255, 0.2100, 0.2201, -0.0886, -0.0719, 0.1535, -0.0794, -0.3796, -0.0068, 0.0762, "other ..."] } })
Tree 35: SplitPlaneNormal(SplitPlaneNormal<euclidean> { left: 136, right: 137, normal: Leaf { header: NodeHeaderEuclidean { bias: "0.0092" }, vector: [0.0108, -0.0562, 0.4257, 0.0562, -0.1473, 0.0892, -0.1165, -0.0178, -0.1477, -0.1727, "other ..."] } })
Tree 38: SplitPlaneNormal(SplitPlaneNormal<euclidean> { left: 130, right: 131, normal: Leaf { header: NodeHeaderEuclidean { bias: "0.5951" }, vector: [-0.2909, 0.2667, 0.1728, 0.0055, -0.1251, -0.1814, 0.1971, 0.2927, -0.0904, 0.0955, "other ..."] } })
Tree 45: SplitPlaneNormal(SplitPlaneNormal<euclidean> { left: 122, right: 123, normal: Leaf { header: NodeHeaderEuclidean { bias: "-0.7796" }, vector: [0.2439, 0.1112, 0.0842, 0.0732, -0.1858, 0.1108, 0.1022, -0.0101, -0.0240, 0.0866, "other ..."] } })
Tree 50: SplitPlaneNormal(SplitPlaneNormal<euclidean> { left: 112, right: 113, normal: Leaf { header: NodeHeaderEuclidean { bias: "-0.0886" }, vector: [-0.1092, 0.0967, -0.4147, 0.2370, 0.0932, -0.1638, 0.3286, -0.0270, -0.0593, 0.2244, "other ..."] } })
Tree 53: SplitPlaneNormal(SplitPlaneNormal<euclidean> { left: 106, right: 109, normal: Leaf { header: NodeHeaderEuclidean { bias: "0.0112" }, vector: [0.2581, -0.1616, 0.0520, -0.0158, -0.0994, -0.1019, -0.2418, -0.0599, 0.0749, 0.0170, "other ..."] } })
Tree 58: SplitPlaneNormal(SplitPlaneNormal<euclidean> { left: 100, right: 101, normal: Leaf { header: NodeHeaderEuclidean { bias: "0.5915" }, vector: [0.1357, 0.1271, 0.4036, -0.1687, -0.1611, -0.3156, -0.0362, 0.0930, -0.0564, 0.1692, "other ..."] } })
Tree 61: SplitPlaneNormal(SplitPlaneNormal<euclidean> { left: 92, right: 93, normal: Leaf { header: NodeHeaderEuclidean { bias: "-0.0411" }, vector: [0.1302, 0.1023, -0.0111, 0.0435, -0.0185, -0.2444, -0.3379, -0.0689, 0.1791, 0.0961, "other ..."] } })
Tree 62: Descendants(Descendants { descendants: [7, 10, 11, 13, 19, 31, 33, 45, 54, 56, 62, 65, 69, 84, 91, 94, 97] })
Tree 63: SplitPlaneNormal(SplitPlaneNormal<euclidean> { left: 61, right: 62, normal: Leaf { header: NodeHeaderEuclidean { bias: "-0.3949" }, vector: [-0.0495, 0.0658, 0.2323, 0.1854, 0.3495, -0.0897, -0.1301, -0.1341, -0.1506, -0.0808, "other ..."] } })
Tree 66: SplitPlaneNormal(SplitPlaneNormal<euclidean> { left: 138, right: 139, normal: Leaf { header: NodeHeaderEuclidean { bias: "0.0191" }, vector: [0.1925, 0.1837, 0.2125, -0.1185, 0.0735, -0.2200, -0.0427, 0.0901, -0.2491, 0.0148, "other ..."] } })
Tree 67: Descendants(Descendants { descendants: [10, 17, 21, 26, 36, 37, 40, 41, 47, 59, 60, 68, 74, 76, 77, 85, 96, 98] })
Tree 72: SplitPlaneNormal(SplitPlaneNormal<euclidean> { left: 128, right: 129, normal: Leaf { header: NodeHeaderEuclidean { bias: "-1.4394" }, vector: [0.1356, 0.0893, 0.1515, -0.0121, 0.0644, -0.1414, -0.2150, 0.3689, 0.2727, 0.3711, "other ..."] } })
Tree 73: SplitPlaneNormal(SplitPlaneNormal<euclidean> { left: 67, right: 72, normal: Leaf { header: NodeHeaderEuclidean { bias: "-0.1344" }, vector: [0.0129, 0.2435, 0.2349, -0.0484, 0.2422, -0.2681, 0.1833, -0.1857, -0.3249, -0.1537, "other ..."] } })
Tree 76: SplitPlaneNormal(SplitPlaneNormal<euclidean> { left: 126, right: 127, normal: Leaf { header: NodeHeaderEuclidean { bias: "-0.0400" }, vector: [-0.1900, -0.2147, -0.0647, 0.0511, -0.4092, 0.2976, -0.0874, 0.1915, 0.0428, -0.0973, "other ..."] } })
Tree 81: SplitPlaneNormal(SplitPlaneNormal<euclidean> { left: 114, right: 115, normal: Leaf { header: NodeHeaderEuclidean { bias: "0.0927" }, vector: [0.1306, -0.2980, 0.1347, 0.1086, -0.0555, -0.0421, -0.3452, 0.0438, -0.0418, -0.2373, "other ..."] } })
Tree 84: SplitPlaneNormal(SplitPlaneNormal<euclidean> { left: 110, right: 111, normal: Leaf { header: NodeHeaderEuclidean { bias: "-0.2518" }, vector: [-0.1457, 0.0668, -0.0585, 0.3369, -0.3826, 0.0071, 0.1223, -0.0799, -0.1587, 0.1256, "other ..."] } })
Tree 87: Descendants(Descendants { descendants: [0, 1, 10, 11, 13, 19, 26, 27, 30, 31, 33, 45, 46, 47, 48, 50, 54, 56, 62, 65, 70, 72, 82, 91, 97] })
Tree 88: SplitPlaneNormal(SplitPlaneNormal<euclidean> { left: 84, right: 87, normal: Leaf { header: NodeHeaderEuclidean { bias: "0.0201" }, vector: [-0.1124, 0.1501, 0.1593, 0.1114, 0.1879, 0.1623, -0.2202, -0.1170, -0.3266, 0.2916, "other ..."] } })
Tree 91: SplitPlaneNormal(SplitPlaneNormal<euclidean> { left: 98, right: 99, normal: Leaf { header: NodeHeaderEuclidean { bias: "-0.9950" }, vector: [-0.0869, 0.1981, 0.2025, -0.1256, 0.0042, -0.2087, 0.3637, 0.0604, 0.0826, -0.1302, "other ..."] } })
Tree 92: Descendants(Descendants { descendants: [5, 20, 25, 38, 41, 42, 44, 49, 51, 59, 64, 68, 75, 78, 83, 87, 88] })
Tree 93: Descendants(Descendants { descendants: [0, 2, 8, 16, 17, 23, 27, 34, 35, 36, 40, 48, 50, 52, 53, 55, 58, 63, 67, 72, 73, 74, 80, 82, 85, 99] })
Tree 94: Descendants(Descendants { descendants: [0, 1, 7, 11, 25, 28, 29, 30, 31, 34, 35, 46, 49, 58, 62, 63, 65, 66, 69, 82] })
Tree 95: Descendants(Descendants { descendants: [4, 5, 6, 10, 14, 15, 16, 22, 33, 42, 59, 83, 86, 89, 92, 93, 94, 96] })
Tree 96: Descendants(Descendants { descendants: [12, 13, 20, 21, 26, 36, 39, 43, 48, 50, 51, 57, 60, 61, 81, 85, 90, 95, 98] })
Tree 97: Descendants(Descendants { descendants: [3, 9, 18, 24, 37, 38, 44, 67, 68, 75, 84, 87, 88] })
Tree 98: Descendants(Descendants { descendants: [6, 28, 29, 76, 77, 84, 89, 90, 92] })
Tree 99: Descendants(Descendants { descendants: [3, 4, 5, 7, 9, 15, 18, 22, 23, 24, 32, 35, 39, 44, 53, 55, 57, 59, 60, 63, 66, 81, 83, 86, 95, 96] })
Tree 100: Descendants(Descendants { descendants: [12, 14, 24, 29, 30, 43, 47, 57, 61, 70] })
Tree 101: Descendants(Descendants { descendants: [1, 3, 4, 6, 9, 15, 18, 21, 22, 26, 28, 32, 37, 39, 46, 60, 66, 71, 76, 77, 79, 81, 86, 89, 90, 92, 93, 95, 96, 98] })
Tree 102: Descendants(Descendants { descendants: [0, 2, 10, 11, 14, 20, 24, 25, 28, 29, 37, 41, 42, 46, 55, 57, 58, 72, 76, 77, 84, 85, 86, 91, 93, 95, 99] })
Tree 103: Descendants(Descendants { descendants: [8, 40, 52, 54, 56, 67, 74, 97, 98] })
Tree 104: Descendants(Descendants { descendants: [12, 13, 16, 19, 21, 22, 23, 38, 43, 47, 48, 61, 64, 68, 70, 71, 78, 80, 87, 88] })
Tree 105: Descendants(Descendants { descendants: [4, 18, 30, 31, 33, 34, 35, 36, 45, 49, 50, 51, 59, 62, 63, 65, 66, 75, 82, 83, 89, 94] })
Tree 106: Descendants(Descendants { descendants: [5, 12, 13, 20, 38, 42, 61, 83, 87, 88, 90] })
Tree 107: Descendants(Descendants { descendants: [0, 1, 2, 25, 27, 28, 29, 30, 41, 57, 58, 65, 68, 85, 92, 93] })
Tree 108: Descendants(Descendants { descendants: [4, 7, 9, 22, 31, 33, 34, 45, 47, 48, 51, 54, 62, 78, 81, 82, 95, 97] })
Tree 109: SplitPlaneNormal(SplitPlaneNormal<euclidean> { left: 107, right: 108, normal: Leaf { header: NodeHeaderEuclidean { bias: "-0.0140" }, vector: [0.2537, 0.4037, -0.0105, -0.2316, 0.3283, 0.0570, -0.0756, -0.0590, -0.1890, 0.0121, "other ..."] } })
Tree 110: Descendants(Descendants { descendants: [2, 8, 12, 20, 21, 25, 36, 37, 40, 41, 43, 51, 52, 61, 67, 68, 71, 78, 85, 88, 98] })
Tree 111: Descendants(Descendants { descendants: [14, 16, 17, 34, 38, 42, 49, 58, 64, 69, 73, 74, 75, 79, 80, 87, 93, 94, 99] })
Tree 112: Descendants(Descendants { descendants: [3, 8, 10, 11, 15, 18, 21, 24, 26, 39, 40, 46, 52, 56, 59, 60, 66, 67, 76, 77, 79, 84, 89, 91, 96, 98] })
Tree 113: Descendants(Descendants { descendants: [6, 14, 16, 17, 19, 23, 32, 35, 36, 37, 43, 44, 49, 50, 53, 55, 63, 64, 69, 70, 71, 72, 73, 74, 75, 80, 86, 94, 99] })
Tree 114: Descendants(Descendants { descendants: [3, 4, 5, 8, 9, 12, 13, 17, 27, 40, 45, 51, 54, 61, 65, 67, 73, 77, 85, 87, 88] })
Tree 115: Descendants(Descendants { descendants: [0, 2, 7, 10, 11, 19, 24, 25, 29, 31, 33, 39, 41, 48, 50, 52, 56, 58, 66, 74, 81, 84, 86, 91, 92, 93, 96, 97, 98] })
Tree 116: Descendants(Descendants { descendants: [3, 8, 15, 17, 18, 24, 27, 30, 44, 57, 60, 61, 68, 78, 79, 81] })
Tree 117: Descendants(Descendants { descendants: [0, 2, 14, 22, 23, 25, 28, 33, 37, 38, 46, 47, 55, 64, 70, 71, 73, 76, 80, 84, 86, 87, 92, 95, 99] })
Tree 118: Descendants(Descendants { descendants: [6, 10, 11, 12, 13, 16, 19, 36, 39, 40, 41, 45, 48, 50, 51, 52, 54, 56, 59, 62, 67, 72, 74, 77, 85, 89, 91] })
Tree 119: Descendants(Descendants { descendants: [21, 26, 32, 43, 66, 88, 93, 96, 98] })
Tree 120: Descendants(Descendants { descendants: [2, 7, 13, 20, 24, 25, 30, 33, 34, 42, 51, 60, 66, 67, 72, 99] })
Tree 121: Descendants(Descendants { descendants: [0, 5, 6, 10, 11, 15, 16, 18, 35, 49, 56, 59, 69, 75, 83, 84, 90] })
Tree 122: SplitPlaneNormal(SplitPlaneNormal<euclidean> { left: 120, right: 121, normal: Leaf { header: NodeHeaderEuclidean { bias: "0.3399" }, vector: [-0.2135, 0.0117, 0.1496, -0.1049, 0.0717, -0.0390, -0.1250, 0.0523, 0.2200, 0.0932, "other ..."] } })
Tree 123: Descendants(Descendants { descendants: [1, 4, 9, 29, 31, 39, 45, 46, 50, 58, 62, 63, 65, 82, 86, 89, 92, 93, 96, 97] })
Tree 124: Descendants(Descendants { descendants: [14, 16, 18, 20, 32, 35, 36, 37, 38, 42, 43, 53, 55, 57, 59, 62, 71, 75, 78, 80, 94, 95] })
Tree 125: Descendants(Descendants { descendants: [6, 15, 22, 23, 44, 60, 63, 69, 70, 72, 79, 83, 89, 90, 99] })
Tree 126: SplitPlaneNormal(SplitPlaneNormal<euclidean> { left: 124, right: 125, normal: Leaf { header: NodeHeaderEuclidean { bias: "-0.2654" }, vector: [-0.0413, 0.0551, 0.3348, -0.0135, 0.0135, 0.0968, -0.4112, 0.2955, -0.1179, 0.3146, "other ..."] } })
Tree 127: Descendants(Descendants { descendants: [1, 21, 26, 28, 30, 34, 46, 47, 49, 64, 68, 76, 82] })
Tree 128: Descendants(Descendants { descendants: [4, 5, 6, 12, 13, 14, 18, 19, 20, 22, 38, 42, 44, 45, 51, 61, 64, 65, 73, 75, 78, 80, 83, 87, 90] })
Tree 129: Descendants(Descendants { descendants: [11, 15, 16, 23, 24, 34, 35, 39, 43, 49, 50, 52, 53, 55, 62, 63, 66, 67, 69, 70, 71, 72, 84, 86, 88, 94] })
Tree 130: Descendants(Descendants { descendants: [14, 19, 23, 26, 28, 36, 40, 41, 43, 48, 52, 53, 55, 61, 70, 71, 74, 76, 78, 85, 91, 94, 98] })
Tree 131: Descendants(Descendants { descendants: [3, 8, 12, 17, 21, 22, 27, 32, 37, 38, 44, 47, 54, 57, 64, 68, 73, 77, 79, 80, 81, 87, 88, 95] })
Tree 132: Descendants(Descendants { descendants: [11, 18, 19, 64, 68, 76, 81, 91] })
Tree 133: Descendants(Descendants { descendants: [2, 8, 16, 23, 27, 28, 32, 36, 37, 45, 48, 50, 55, 57, 63, 70, 72, 73, 74, 79, 80, 84, 86, 87, 95] })
Tree 134: SplitPlaneNormal(SplitPlaneNormal<euclidean> { left: 132, right: 133, normal: Leaf { header: NodeHeaderEuclidean { bias: "-0.3133" }, vector: [0.3021, 0.1322, 0.0217, -0.1230, 0.2695, -0.2384, 0.2780, -0.0483, -0.1448, 0.1303, "other ..."] } })
Tree 135: Descendants(Descendants { descendants: [3, 12, 52, 61, 67, 97] })
Tree 136: SplitPlaneNormal(SplitPlaneNormal<euclidean> { left: 134, right: 135, normal: Leaf { header: NodeHeaderEuclidean { bias: "-0.6145" }, vector: [-0.2144, -0.0469, 0.2871, -0.2047, 0.1997, 0.2381, -0.0809, 0.4253, 0.0301, -0.0456, "other ..."] } })
Tree 137: Descendants(Descendants { descendants: [1, 6, 7, 13, 21, 26, 46, 47, 54, 56, 62, 77, 89, 90, 93, 98] })
Tree 138: Descendants(Descendants { descendants: [0, 2, 8, 25, 27, 28, 30, 32, 46, 54, 56, 57, 58, 79, 81, 91, 92, 99] })
Tree 139: Descendants(Descendants { descendants: [1, 3, 7, 9, 29, 31, 33, 48, 82, 89, 93, 95, 97] })
Tree 140: Descendants(Descendants { descendants: [4, 9, 14, 22, 25, 29, 30, 35, 39, 42, 43, 58, 65, 66, 69, 83, 85, 88, 92, 96] })
Tree 141: Descendants(Descendants { descendants: [0, 5, 10, 15, 17, 20, 24, 31, 33, 34, 38, 40, 41, 44, 49, 51, 53, 59, 60, 71, 75, 78, 82, 94, 99] })
Item 0: Leaf(Leaf { header: NodeHeaderEuclidean { bias: "0.0000" }, vector: [0.2240, 0.0136, 0.1967, 0.7482, 0.6849, 0.7949, 0.0809, 0.5504, 0.6339, 0.6978, "other ..."] })
Item 1: Leaf(Leaf { header: NodeHeaderEuclidean { bias: "0.0000" }, vector: [0.4199, 0.2620, 0.2655, 0.8414, 0.0192, 0.3828, 0.2561, 0.2692, 0.0368, 0.4624, "other ..."] })
Item 2: Leaf(Leaf { header: NodeHeaderEuclidean { bias: "0.0000" }, vector: [0.7711, 0.4016, 0.1489, 0.9991, 0.5236, 0.5613, 0.4596, 0.2214, 0.5016, 0.1191, "other ..."] })
Item 3: Leaf(Leaf { header: NodeHeaderEuclidean { bias: "0.0000" }, vector: [0.0001, 0.7870, 0.9674, 0.4568, 0.5250, 0.2701, 0.2417, 0.8742, 0.6869, 0.8759, "other ..."] })
Item 4: Leaf(Leaf { header: NodeHeaderEuclidean { bias: "0.0000" }, vector: [0.7473, 0.3347, 0.9786, 0.4693, 0.3540, 0.1280, 0.9628, 0.2076, 0.3437, 0.4589, "other ..."] })
Item 5: Leaf(Leaf { header: NodeHeaderEuclidean { bias: "0.0000" }, vector: [0.0850, 0.7778, 0.8818, 0.3427, 0.1293, 0.7240, 0.4773, 0.2871, 0.3988, 0.4014, "other ..."] })
Item 6: Leaf(Leaf { header: NodeHeaderEuclidean { bias: "0.0000" }, vector: [0.1874, 0.7676, 0.9707, 0.5148, 0.7242, 0.4714, 0.1278, 0.2181, 0.2651, 0.5674, "other ..."] })
Item 7: Leaf(Leaf { header: NodeHeaderEuclidean { bias: "0.0000" }, vector: [0.5699, 0.5919, 0.7788, 0.3705, 0.3807, 0.1708, 0.3678, 0.5629, 0.0612, 0.4826, "other ..."] })
Item 8: Leaf(Leaf { header: NodeHeaderEuclidean { bias: "0.0000" }, vector: [0.3157, 0.8096, 0.5024, 0.5421, 0.4327, 0.3696, 0.6485, 0.7972, 0.9792, 0.9554, "other ..."] })
Item 9: Leaf(Leaf { header: NodeHeaderEuclidean { bias: "0.0000" }, vector: [0.8134, 0.9647, 0.6640, 0.4464, 0.7439, 0.6904, 0.3159, 0.7607, 0.3483, 0.9963, "other ..."] })
Item 10: Leaf(Leaf { header: NodeHeaderEuclidean { bias: "0.0000" }, vector: [0.1559, 0.1898, 0.2475, 0.4582, 0.5481, 0.5846, 0.1844, 0.4898, 0.2916, 0.2669, "other ..."] })
Item 11: Leaf(Leaf { header: NodeHeaderEuclidean { bias: "0.0000" }, vector: [0.6560, 0.2343, 0.4079, 0.5972, 0.5766, 0.6739, 0.2985, 0.6167, 0.4834, 0.2818, "other ..."] })
Item 12: Leaf(Leaf { header: NodeHeaderEuclidean { bias: "0.0000" }, vector: [0.1712, 0.6340, 0.2866, 0.6282, 0.9072, 0.7589, 0.6432, 0.8676, 0.2942, 0.4375, "other ..."] })
Item 13: Leaf(Leaf { header: NodeHeaderEuclidean { bias: "0.0000" }, vector: [0.1726, 0.7399, 0.0271, 0.8721, 0.8725, 0.4023, 0.1558, 0.1044, 0.2096, 0.2081, "other ..."] })
Item 14: Leaf(Leaf { header: NodeHeaderEuclidean { bias: "0.0000" }, vector: [0.8145, 0.6759, 0.1411, 0.7878, 0.3556, 0.8440, 0.5301, 0.2627, 0.7050, 0.4145, "other ..."] })
Item 15: Leaf(Leaf { header: NodeHeaderEuclidean { bias: "0.0000" }, vector: [0.6031, 0.2970, 0.9485, 0.0272, 0.4336, 0.1339, 0.2209, 0.8350, 0.2566, 0.9481, "other ..."] })
Item 16: Leaf(Leaf { header: NodeHeaderEuclidean { bias: "0.0000" }, vector: [0.4594, 0.9245, 0.5151, 0.7390, 0.6121, 0.5891, 0.5795, 0.6295, 0.0595, 0.6471, "other ..."] })
Item 17: Leaf(Leaf { header: NodeHeaderEuclidean { bias: "0.0000" }, vector: [0.0819, 0.5362, 0.8215, 0.2263, 0.3109, 0.2738, 0.6133, 0.5147, 0.9334, 0.9877, "other ..."] })
Item 18: Leaf(Leaf { header: NodeHeaderEuclidean { bias: "0.0000" }, vector: [0.5102, 0.8700, 0.3910, 0.0807, 0.1067, 0.0692, 0.7037, 0.4229, 0.0066, 0.1894, "other ..."] })
Item 19: Leaf(Leaf { header: NodeHeaderEuclidean { bias: "0.0000" }, vector: [0.1390, 0.7531, 0.3249, 0.8754, 0.9984, 0.7362, 0.0281, 0.2016, 0.9443, 0.1989, "other ..."] })
Item 20: Leaf(Leaf { header: NodeHeaderEuclidean { bias: "0.0000" }, vector: [0.8077, 0.3229, 0.5031, 0.0472, 0.6957, 0.9603, 0.8790, 0.2009, 0.3837, 0.1765, "other ..."] })
Item 21: Leaf(Leaf { header: NodeHeaderEuclidean { bias: "0.0000" }, vector: [0.6252, 0.9240, 0.7227, 0.6810, 0.2563, 0.3321, 0.2283, 0.9226, 0.8494, 0.0356, "other ..."] })
Item 22: Leaf(Leaf { header: NodeHeaderEuclidean { bias: "0.0000" }, vector: [0.1651, 0.4144, 0.2816, 0.0037, 0.3038, 0.2344, 0.3321, 0.1985, 0.4704, 0.3710, "other ..."] })
Item 23: Leaf(Leaf { header: NodeHeaderEuclidean { bias: "0.0000" }, vector: [0.9915, 0.6886, 0.1976, 0.1725, 0.6776, 0.1356, 0.3842, 0.4424, 0.6939, 0.8016, "other ..."] })
Item 24: Leaf(Leaf { header: NodeHeaderEuclidean { bias: "0.0000" }, vector: [0.7192, 0.5087, 0.9102, 0.0269, 0.7119, 0.7909, 0.0259, 0.6221, 0.9168, 0.1528, "other ..."] })
Item 25: Leaf(Leaf { header: NodeHeaderEuclidean { bias: "0.0000" }, vector: [0.0116, 0.5323, 0.3940, 0.1382, 0.1987, 0.7287, 0.4026, 0.1442, 0.5957, 0.0340, "other ..."] })
Item 26: Leaf(Leaf { header: NodeHeaderEuclidean { bias: "0.0000" }, vector: [0.5587, 0.8792, 0.9279, 0.4203, 0.9903, 0.7524, 0.0600, 0.9020, 0.8837, 0.1950, "other ..."] })
Item 27: Leaf(Leaf { header: NodeHeaderEuclidean { bias: "0.0000" }, vector: [0.3569, 0.9070, 0.8412, 0.3201, 0.6998, 0.8674, 0.5494, 0.2322, 0.2969, 0.9787, "other ..."] })
Item 28: Leaf(Leaf { header: NodeHeaderEuclidean { bias: "0.0000" }, vector: [0.9353, 0.1703, 0.1992, 0.7788, 0.4769, 0.5431, 0.4292, 0.5249, 0.7629, 0.9059, "other ..."] })
Item 29: Leaf(Leaf { header: NodeHeaderEuclidean { bias: "0.0000" }, vector: [0.6021, 0.0690, 0.1080, 0.2535, 0.6817, 0.7899, 0.3297, 0.8656, 0.1566, 0.3560, "other ..."] })
Item 30: Leaf(Leaf { header: NodeHeaderEuclidean { bias: "0.0000" }, vector: [0.3473, 0.1415, 0.1873, 0.7472, 0.3808, 0.6412, 0.1944, 0.5869, 0.0722, 0.3215, "other ..."] })
Item 31: Leaf(Leaf { header: NodeHeaderEuclidean { bias: "0.0000" }, vector: [0.7584, 0.3448, 0.7315, 0.5405, 0.6797, 0.3253, 0.8611, 0.0846, 0.0174, 0.0882, "other ..."] })
Item 32: Leaf(Leaf { header: NodeHeaderEuclidean { bias: "0.0000" }, vector: [0.4076, 0.8830, 0.7654, 0.5911, 0.3055, 0.0942, 0.7024, 0.9471, 0.9752, 0.4628, "other ..."] })
Item 33: Leaf(Leaf { header: NodeHeaderEuclidean { bias: "0.0000" }, vector: [0.3494, 0.5787, 0.8027, 0.9625, 0.5944, 0.6781, 0.4204, 0.5899, 0.0209, 0.9001, "other ..."] })
Item 34: Leaf(Leaf { header: NodeHeaderEuclidean { bias: "0.0000" }, vector: [0.6939, 0.0973, 0.2992, 0.4254, 0.0919, 0.8203, 0.3851, 0.0823, 0.4547, 0.4283, "other ..."] })
Item 35: Leaf(Leaf { header: NodeHeaderEuclidean { bias: "0.0000" }, vector: [0.3281, 0.1178, 0.0533, 0.4172, 0.3990, 0.0395, 0.8533, 0.1435, 0.9799, 0.4063, "other ..."] })
Item 36: Leaf(Leaf { header: NodeHeaderEuclidean { bias: "0.0000" }, vector: [0.7093, 0.6425, 0.0423, 0.0877, 0.7820, 0.6701, 0.4963, 0.1499, 0.8631, 0.8113, "other ..."] })
Item 37: Leaf(Leaf { header: NodeHeaderEuclidean { bias: "0.0000" }, vector: [0.6603, 0.3675, 0.1019, 0.2193, 0.3180, 0.0591, 0.9934, 0.8583, 0.7473, 0.3644, "other ..."] })
Item 38: Leaf(Leaf { header: NodeHeaderEuclidean { bias: "0.0000" }, vector: [0.0152, 0.9782, 0.0253, 0.6194, 0.6177, 0.6446, 0.8634, 0.8343, 0.1429, 0.6369, "other ..."] })
Item 39: Leaf(Leaf { header: NodeHeaderEuclidean { bias: "0.0000" }, vector: [0.4498, 0.4107, 0.9992, 0.3928, 0.4779, 0.4661, 0.1282, 0.8140, 0.7490, 0.5641, "other ..."] })
Item 40: Leaf(Leaf { header: NodeHeaderEuclidean { bias: "0.0000" }, vector: [0.5514, 0.2225, 0.8400, 0.2598, 0.5622, 0.6231, 0.5772, 0.0082, 0.8470, 0.9596, "other ..."] })
Item 41: Leaf(Leaf { header: NodeHeaderEuclidean { bias: "0.0000" }, vector: [0.7821, 0.0623, 0.1168, 0.3609, 0.6040, 0.8336, 0.0911, 0.2181, 0.7485, 0.0281, "other ..."] })
Item 42: Leaf(Leaf { header: NodeHeaderEuclidean { bias: "0.0000" }, vector: [0.9144, 0.0223, 0.5079, 0.6873, 0.5501, 0.2577, 0.9304, 0.3154, 0.1546, 0.3749, "other ..."] })
Item 43: Leaf(Leaf { header: NodeHeaderEuclidean { bias: "0.0000" }, vector: [0.8608, 0.8689, 0.4918, 0.2239, 0.9291, 0.0622, 0.6843, 0.4184, 0.4703, 0.3202, "other ..."] })
Item 44: Leaf(Leaf { header: NodeHeaderEuclidean { bias: "0.0000" }, vector: [0.5159, 0.9516, 0.6267, 0.1007, 0.4283, 0.1452, 0.9565, 0.4723, 0.4935, 0.7395, "other ..."] })
Item 45: Leaf(Leaf { header: NodeHeaderEuclidean { bias: "0.0000" }, vector: [0.9838, 0.4742, 0.5307, 0.6989, 0.9323, 0.2140, 0.1371, 0.1113, 0.0322, 0.3001, "other ..."] })
Item 46: Leaf(Leaf { header: NodeHeaderEuclidean { bias: "0.0000" }, vector: [0.3709, 0.3974, 0.5971, 0.7814, 0.2075, 0.5392, 0.4790, 0.5432, 0.4844, 0.3367, "other ..."] })
Item 47: Leaf(Leaf { header: NodeHeaderEuclidean { bias: "0.0000" }, vector: [0.4506, 0.8658, 0.1164, 0.2339, 0.2266, 0.9050, 0.5849, 0.9792, 0.5951, 0.7706, "other ..."] })
Item 48: Leaf(Leaf { header: NodeHeaderEuclidean { bias: "0.0000" }, vector: [0.7462, 0.9877, 0.0796, 0.4441, 0.9824, 0.6855, 0.0985, 0.0618, 0.0551, 0.5251, "other ..."] })
Item 49: Leaf(Leaf { header: NodeHeaderEuclidean { bias: "0.0000" }, vector: [0.1322, 0.0670, 0.3404, 0.5339, 0.0229, 0.5964, 0.5497, 0.3819, 0.6553, 0.7129, "other ..."] })
Item 50: Leaf(Leaf { header: NodeHeaderEuclidean { bias: "0.0000" }, vector: [0.8421, 0.8103, 0.5294, 0.6795, 0.9634, 0.3110, 0.8945, 0.1541, 0.5916, 0.1082, "other ..."] })
Item 51: Leaf(Leaf { header: NodeHeaderEuclidean { bias: "0.0000" }, vector: [0.3643, 0.3282, 0.2580, 0.4477, 0.5920, 0.3581, 0.3502, 0.2441, 0.1707, 0.1243, "other ..."] })
Item 52: Leaf(Leaf { header: NodeHeaderEuclidean { bias: "0.0000" }, vector: [0.8491, 0.4500, 0.8568, 0.1146, 0.7974, 0.5148, 0.0862, 0.6020, 0.7705, 0.6189, "other ..."] })
Item 53: Leaf(Leaf { header: NodeHeaderEuclidean { bias: "0.0000" }, vector: [0.5928, 0.6267, 0.1717, 0.1604, 0.6506, 0.0302, 0.8289, 0.5930, 0.9304, 0.6067, "other ..."] })
Item 54: Leaf(Leaf { header: NodeHeaderEuclidean { bias: "0.0000" }, vector: [0.2720, 0.7143, 0.6966, 0.9709, 0.4263, 0.7441, 0.8624, 0.1372, 0.0418, 0.7771, "other ..."] })
Item 55: Leaf(Leaf { header: NodeHeaderEuclidean { bias: "0.0000" }, vector: [0.6095, 0.6335, 0.4740, 0.0746, 0.3871, 0.1016, 0.6414, 0.3076, 0.5484, 0.7602, "other ..."] })
Item 56: Leaf(Leaf { header: NodeHeaderEuclidean { bias: "0.0000" }, vector: [0.4278, 0.5749, 0.9222, 0.8668, 0.5708, 0.7825, 0.1484, 0.1654, 0.7721, 0.1671, "other ..."] })
Item 57: Leaf(Leaf { header: NodeHeaderEuclidean { bias: "0.0000" }, vector: [0.1524, 0.3441, 0.2368, 0.4350, 0.5328, 0.3005, 0.7021, 0.3614, 0.6369, 0.7984, "other ..."] })
Item 58: Leaf(Leaf { header: NodeHeaderEuclidean { bias: "0.0000" }, vector: [0.5174, 0.1043, 0.5020, 0.7082, 0.0108, 0.7768, 0.2805, 0.5635, 0.1165, 0.3446, "other ..."] })
Item 59: Leaf(Leaf { header: NodeHeaderEuclidean { bias: "0.0000" }, vector: [0.6227, 0.1202, 0.9715, 0.3936, 0.3423, 0.7479, 0.6526, 0.1867, 0.5568, 0.0922, "other ..."] })
Item 60: Leaf(Leaf { header: NodeHeaderEuclidean { bias: "0.0000" }, vector: [0.7594, 0.3160, 0.8848, 0.2336, 0.2080, 0.9798, 0.2609, 0.3579, 0.9043, 0.5035, "other ..."] })
Item 61: Leaf(Leaf { header: NodeHeaderEuclidean { bias: "0.0000" }, vector: [0.1347, 0.7000, 0.0530, 0.4959, 0.8227, 0.9831, 0.5433, 0.5201, 0.7924, 0.3847, "other ..."] })
Item 62: Leaf(Leaf { header: NodeHeaderEuclidean { bias: "0.0000" }, vector: [0.7278, 0.0499, 0.4536, 0.3295, 0.8839, 0.5060, 0.5773, 0.3133, 0.2521, 0.6842, "other ..."] })
Item 63: Leaf(Leaf { header: NodeHeaderEuclidean { bias: "0.0000" }, vector: [0.9221, 0.3578, 0.3207, 0.9945, 0.9288, 0.4608, 0.3001, 0.0296, 0.4678, 0.7422, "other ..."] })
Item 64: Leaf(Leaf { header: NodeHeaderEuclidean { bias: "0.0000" }, vector: [0.3202, 0.9724, 0.0590, 0.9146, 0.0865, 0.5347, 0.9236, 0.5211, 0.4621, 0.4500, "other ..."] })
Item 65: Leaf(Leaf { header: NodeHeaderEuclidean { bias: "0.0000" }, vector: [0.5677, 0.1247, 0.4928, 0.4097, 0.8433, 0.9238, 0.7848, 0.4437, 0.4696, 0.9886, "other ..."] })
Item 66: Leaf(Leaf { header: NodeHeaderEuclidean { bias: "0.0000" }, vector: [0.7403, 0.1475, 0.8585, 0.3990, 0.5766, 0.0263, 0.2665, 0.6317, 0.8026, 0.0227, "other ..."] })
Item 67: Leaf(Leaf { header: NodeHeaderEuclidean { bias: "0.0000" }, vector: [0.5299, 0.5421, 0.8194, 0.1018, 0.5426, 0.9350, 0.3228, 0.7979, 0.7473, 0.1118, "other ..."] })
Item 68: Leaf(Leaf { header: NodeHeaderEuclidean { bias: "0.0000" }, vector: [0.0981, 0.2398, 0.2595, 0.6075, 0.1605, 0.7487, 0.1070, 0.8330, 0.7908, 0.0203, "other ..."] })
Item 69: Leaf(Leaf { header: NodeHeaderEuclidean { bias: "0.0000" }, vector: [0.6163, 0.7762, 0.4365, 0.6713, 0.5647, 0.3449, 0.6615, 0.9430, 0.5941, 0.3563, "other ..."] })
Item 70: Leaf(Leaf { header: NodeHeaderEuclidean { bias: "0.0000" }, vector: [0.9586, 0.8715, 0.0659, 0.6144, 0.4995, 0.6693, 0.1415, 0.7556, 0.9350, 0.9924, "other ..."] })
Item 71: Leaf(Leaf { header: NodeHeaderEuclidean { bias: "0.0000" }, vector: [0.6478, 0.9371, 0.2378, 0.4279, 0.1400, 0.2146, 0.3193, 0.7330, 0.7932, 0.7295, "other ..."] })
Item 72: Leaf(Leaf { header: NodeHeaderEuclidean { bias: "0.0000" }, vector: [0.9907, 0.6582, 0.3640, 0.9777, 0.6001, 0.3023, 0.3154, 0.2637, 0.7202, 0.7507, "other ..."] })
Item 73: Leaf(Leaf { header: NodeHeaderEuclidean { bias: "0.0000" }, vector: [0.4640, 0.7218, 0.0154, 0.0829, 0.4829, 0.5139, 0.4344, 0.5872, 0.2770, 0.3745, "other ..."] })
Item 74: Leaf(Leaf { header: NodeHeaderEuclidean { bias: "0.0000" }, vector: [0.6910, 0.9733, 0.3937, 0.8154, 0.2171, 0.7616, 0.3415, 0.4227, 0.6408, 0.0355, "other ..."] })
Item 75: Leaf(Leaf { header: NodeHeaderEuclidean { bias: "0.0000" }, vector: [0.3639, 0.3210, 0.3718, 0.7818, 0.6264, 0.2524, 0.6018, 0.4059, 0.9744, 0.3568, "other ..."] })
Item 76: Leaf(Leaf { header: NodeHeaderEuclidean { bias: "0.0000" }, vector: [0.8030, 0.0396, 0.0641, 0.3958, 0.3427, 0.9163, 0.0129, 0.4500, 0.8504, 0.8711, "other ..."] })
Item 77: Leaf(Leaf { header: NodeHeaderEuclidean { bias: "0.0000" }, vector: [0.6003, 0.7202, 0.3803, 0.5052, 0.4006, 0.6708, 0.0438, 0.8432, 0.8772, 0.6849, "other ..."] })
Item 78: Leaf(Leaf { header: NodeHeaderEuclidean { bias: "0.0000" }, vector: [0.6515, 0.6402, 0.4825, 0.1251, 0.1569, 0.9048, 0.3695, 0.0092, 0.1574, 0.1528, "other ..."] })
Item 79: Leaf(Leaf { header: NodeHeaderEuclidean { bias: "0.0000" }, vector: [0.8093, 0.7442, 0.3738, 0.9164, 0.5923, 0.7353, 0.5379, 0.6815, 0.5925, 0.7954, "other ..."] })
Item 80: Leaf(Leaf { header: NodeHeaderEuclidean { bias: "0.0000" }, vector: [0.5256, 0.7737, 0.1071, 0.1049, 0.5131, 0.1703, 0.7922, 0.1135, 0.4165, 0.0898, "other ..."] })
Item 81: Leaf(Leaf { header: NodeHeaderEuclidean { bias: "0.0000" }, vector: [0.2370, 0.7334, 0.4755, 0.8921, 0.1448, 0.2971, 0.2116, 0.1124, 0.7297, 0.2965, "other ..."] })
Item 82: Leaf(Leaf { header: NodeHeaderEuclidean { bias: "0.0000" }, vector: [0.7826, 0.2989, 0.7770, 0.4571, 0.1601, 0.9667, 0.6717, 0.1903, 0.1169, 0.8590, "other ..."] })
Item 83: Leaf(Leaf { header: NodeHeaderEuclidean { bias: "0.0000" }, vector: [0.3071, 0.2166, 0.0566, 0.5153, 0.8628, 0.9601, 0.6390, 0.4052, 0.2759, 0.4989, "other ..."] })
Item 84: Leaf(Leaf { header: NodeHeaderEuclidean { bias: "0.0000" }, vector: [0.0498, 0.3107, 0.7264, 0.3119, 0.9096, 0.1574, 0.0399, 0.6895, 0.0600, 0.7256, "other ..."] })
Item 85: Leaf(Leaf { header: NodeHeaderEuclidean { bias: "0.0000" }, vector: [0.4718, 0.3682, 0.4350, 0.3129, 0.1289, 0.7526, 0.8249, 0.5640, 0.9296, 0.8479, "other ..."] })
Item 86: Leaf(Leaf { header: NodeHeaderEuclidean { bias: "0.0000" }, vector: [0.8769, 0.4665, 0.6818, 0.3210, 0.8711, 0.3130, 0.2871, 0.8996, 0.6896, 0.5484, "other ..."] })
Item 87: Leaf(Leaf { header: NodeHeaderEuclidean { bias: "0.0000" }, vector: [0.2909, 0.8867, 0.3238, 0.4342, 0.3491, 0.4305, 0.8452, 0.0936, 0.1220, 0.3452, "other ..."] })
Item 88: Leaf(Leaf { header: NodeHeaderEuclidean { bias: "0.0000" }, vector: [0.4460, 0.4258, 0.3236, 0.3679, 0.9002, 0.2569, 0.4921, 0.9407, 0.7830, 0.2773, "other ..."] })
Item 89: Leaf(Leaf { header: NodeHeaderEuclidean { bias: "0.0000" }, vector: [0.6270, 0.3774, 0.7874, 0.7272, 0.4240, 0.1508, 0.0360, 0.5710, 0.2254, 0.0950, "other ..."] })
Item 90: Leaf(Leaf { header: NodeHeaderEuclidean { bias: "0.0000" }, vector: [0.3994, 0.3790, 0.3149, 0.3094, 0.6979, 0.4079, 0.0662, 0.5442, 0.6009, 0.6694, "other ..."] })
Item 91: Leaf(Leaf { header: NodeHeaderEuclidean { bias: "0.0000" }, vector: [0.8560, 0.9670, 0.3969, 0.5008, 0.1567, 0.7420, 0.0072, 0.1891, 0.9690, 0.0387, "other ..."] })
Item 92: Leaf(Leaf { header: NodeHeaderEuclidean { bias: "0.0000" }, vector: [0.1804, 0.0669, 0.8639, 0.6324, 0.8798, 0.3417, 0.1164, 0.5756, 0.9767, 0.7200, "other ..."] })
Item 93: Leaf(Leaf { header: NodeHeaderEuclidean { bias: "0.0000" }, vector: [0.5034, 0.4728, 0.9950, 0.7630, 0.0154, 0.4453, 0.6893, 0.6996, 0.0246, 0.0245, "other ..."] })
Item 94: Leaf(Leaf { header: NodeHeaderEuclidean { bias: "0.0000" }, vector: [0.1112, 0.3992, 0.0741, 0.7318, 0.9446, 0.2970, 0.9245, 0.1696, 0.6283, 0.9061, "other ..."] })
Item 95: Leaf(Leaf { header: NodeHeaderEuclidean { bias: "0.0000" }, vector: [0.8157, 0.8688, 0.2659, 0.6080, 0.5274, 0.1883, 0.7562, 0.8511, 0.6928, 0.8151, "other ..."] })
Item 96: Leaf(Leaf { header: NodeHeaderEuclidean { bias: "0.0000" }, vector: [0.5324, 0.0597, 0.9226, 0.4007, 0.0213, 0.2651, 0.8515, 0.9985, 0.8066, 0.3377, "other ..."] })
Item 97: Leaf(Leaf { header: NodeHeaderEuclidean { bias: "0.0000" }, vector: [0.0850, 0.4087, 0.7257, 0.3157, 0.9526, 0.5290, 0.5818, 0.5460, 0.1906, 0.9422, "other ..."] })
Item 98: Leaf(Leaf { header: NodeHeaderEuclidean { bias: "0.0000" }, vector: [0.8413, 0.5136, 0.9661, 0.4242, 0.3183, 0.6281, 0.1580, 0.7145, 0.7564, 0.3747, "other ..."] })
Item 99: Leaf(Leaf { header: NodeHeaderEuclidean { bias: "0.0000" }, vector: [0.8320, 0.5156, 0.6172, 0.6617, 0.4999, 0.2464, 0.4536, 0.3265, 0.2163, 0.5406, "other ..."] })
