---
source: src/tests/writer.rs
expression: handle
---
==================
Dumping index 0
Root: Metadata { dimensions: 30, items: RoaringBitmap<100 values between 0 and 99>, roots: [0, 1, 2, 3, 4, 5, 6, 7, 8, 9], distance: "euclidean" }
Version: Version { major: 0, minor: 7, patch: 0 }
Tree 0: SplitPlaneNormal(SplitPlaneNormal<euclidean> { left: 88, right: 91, normal: Leaf { header: NodeHeaderEuclidean { bias: "0.3733" }, vector: [-0.0475, -0.1496, 0.1344, -0.1902, -0.2161, -0.4158, -0.1593, 0.1212, -0.0136, 0.2277, "other ..."] } })
Tree 1: SplitPlaneNormal(SplitPlaneNormal<euclidean> { left: 76, right: 81, normal: Leaf { header: NodeHeaderEuclidean { bias: "-0.4143" }, vector: [-0.1850, 0.1162, 0.1506, 0.1488, 0.2308, 0.1370, -0.2152, -0.0274, -0.0407, -0.2282, "other ..."] } })
Tree 2: SplitPlaneNormal(SplitPlaneNormal<euclidean> { left: 66, right: 73, normal: Leaf { header: NodeHeaderEuclidean { bias: "-0.0804" }, vector: [0.1941, -0.1680, -0.0860, -0.4588, 0.2054, 0.0884, 0.0622, 0.1314, 0.1377, -0.2936, "other ..."] } })
Tree 3: SplitPlaneNormal(SplitPlaneNormal<euclidean> { left: 58, right: 63, normal: Leaf { header: NodeHeaderEuclidean { bias: "0.0458" }, vector: [-0.0598, -0.0926, -0.1871, -0.0077, 0.2839, 0.2008, 0.1168, -0.3345, -0.0870, 0.0621, "other ..."] } })
Tree 4: SplitPlaneNormal(SplitPlaneNormal<euclidean> { left: 50, right: 53, normal: Leaf { header: NodeHeaderEuclidean { bias: "0.0933" }, vector: [-0.2249, -0.2354, -0.2492, 0.0508, -0.0488, 0.3083, 0.0932, -0.0190, -0.4116, -0.0404, "other ..."] } })
Tree 5: SplitPlaneNormal(SplitPlaneNormal<euclidean> { left: 38, right: 45, normal: Leaf { header: NodeHeaderEuclidean { bias: "0.0963" }, vector: [0.0636, -0.2729, 0.4830, 0.1626, 0.0343, -0.0273, -0.0742, 0.0450, -0.3975, -0.3293, "other ..."] } })
Tree 6: SplitPlaneNormal(SplitPlaneNormal<euclidean> { left: 32, right: 35, normal: Leaf { header: NodeHeaderEuclidean { bias: "0.6869" }, vector: [0.0755, 0.2682, -0.0986, 0.3341, 0.0086, -0.0666, -0.2590, -0.1551, 0.0651, -0.0362, "other ..."] } })
Tree 7: SplitPlaneNormal(SplitPlaneNormal<euclidean> { left: 26, right: 29, normal: Leaf { header: NodeHeaderEuclidean { bias: "0.0797" }, vector: [-0.0053, 0.4627, 0.0033, -0.1321, 0.2763, -0.0670, -0.0985, -0.1405, 0.3819, 0.0681, "other ..."] } })
Tree 8: SplitPlaneNormal(SplitPlaneNormal<euclidean> { left: 22, right: 23, normal: Leaf { header: NodeHeaderEuclidean { bias: "-0.3843" }, vector: [-0.3055, 0.2263, 0.3598, -0.0777, -0.0538, -0.1513, -0.0809, 0.1401, 0.0514, 0.2712, "other ..."] } })
Tree 9: SplitPlaneNormal(SplitPlaneNormal<euclidean> { left: 12, right: 17, normal: Leaf { header: NodeHeaderEuclidean { bias: "0.9466" }, vector: [-0.1459, -0.2139, -0.2989, 0.0100, -0.1856, -0.0497, 0.1403, 0.0371, -0.2027, 0.1831, "other ..."] } })
Tree 10: Descendants(Descendants { descendants: [2, 11, 13, 19, 20, 24, 30, 36, 39, 41, 42, 43, 45, 46, 51, 54, 56, 59, 62, 66, 68, 77, 80, 85, 89, 91, 92, 93] })
Tree 11: Descendants(Descendants { descendants: [4, 8, 18, 21, 22, 52, 64, 67, 72, 78, 98] })
Tree 12: SplitPlaneNormal(SplitPlaneNormal<euclidean> { left: 10, right: 11, normal: Leaf { header: NodeHeaderEuclidean { bias: "0.1444" }, vector: [0.0412, 0.0950, -0.0460, -0.3947, -0.0556, 0.1065, 0.1877, 0.3147, 0.2321, -0.1957, "other ..."] } })
Tree 13: Descendants(Descendants { descendants: [3, 14, 17, 25, 26, 32, 33, 37, 38, 44, 47, 50, 55, 57, 61, 71, 73, 79, 88, 90, 94, 95, 96] })
Tree 14: Descendants(Descendants { descendants: [6, 12, 15, 23, 27, 28, 34, 40, 81, 86, 87, 99] })
Tree 15: SplitPlaneNormal(SplitPlaneNormal<euclidean> { left: 13, right: 14, normal: Leaf { header: NodeHeaderEuclidean { bias: "0.3565" }, vector: [0.1751, -0.0027, -0.1028, -0.0282, 0.0387, -0.1329, -0.1364, -0.2423, -0.1042, -0.1441, "other ..."] } })
Tree 16: Descendants(Descendants { descendants: [0, 1, 5, 7, 9, 10, 16, 29, 31, 35, 48, 49, 53, 58, 60, 63, 65, 69, 70, 74, 75, 76, 82, 83, 84, 97] })
Tree 17: SplitPlaneNormal(SplitPlaneNormal<euclidean> { left: 15, right: 16, normal: Leaf { header: NodeHeaderEuclidean { bias: "0.3772" }, vector: [0.1033, -0.4242, -0.0800, -0.1632, 0.1052, -0.0050, 0.2207, -0.1568, -0.0534, -0.0278, "other ..."] } })
Tree 18: Descendants(Descendants { descendants: [12, 16, 20, 21, 22, 23, 31, 34, 35, 43, 45, 47, 48, 49, 50, 51, 54, 58, 59, 61, 64, 68, 71, 75, 76, 78, 87, 89, 90, 94] })
Tree 19: Descendants(Descendants { descendants: [10, 13, 19, 24, 30, 33, 36, 44, 46, 56, 63, 65, 72, 80, 83, 92] })
Tree 20: SplitPlaneNormal(SplitPlaneNormal<euclidean> { left: 18, right: 19, normal: Leaf { header: NodeHeaderEuclidean { bias: "-0.6890" }, vector: [-0.0953, 0.0544, -0.0235, -0.3023, 0.1023, 0.4182, -0.2031, -0.1618, -0.1613, 0.2265, "other ..."] } })
Tree 21: Descendants(Descendants { descendants: [0, 4, 6, 8, 11, 25, 28, 29, 32, 37, 40, 41, 42, 52, 55, 57, 60, 67, 70, 74, 77, 85, 86, 91, 93, 95, 97, 98, 99] })
Tree 22: SplitPlaneNormal(SplitPlaneNormal<euclidean> { left: 20, right: 21, normal: Leaf { header: NodeHeaderEuclidean { bias: "0.2139" }, vector: [0.0683, -0.0814, 0.0252, -0.1067, -0.2097, -0.0424, 0.1001, 0.3194, 0.0825, 0.0236, "other ..."] } })
Tree 23: Descendants(Descendants { descendants: [1, 2, 3, 5, 7, 9, 14, 15, 17, 18, 26, 27, 38, 39, 53, 62, 66, 69, 73, 79, 81, 82, 84, 88, 96] })
Tree 24: Descendants(Descendants { descendants: [4, 5, 12, 15, 18, 22, 29, 31, 33, 38, 49, 50, 56, 58, 59, 62, 65, 69, 74, 76, 82, 84, 88, 93, 94] })
Tree 25: Descendants(Descendants { descendants: [0, 1, 7, 10, 11, 20, 24, 25, 30, 32, 34, 35, 36, 44, 48, 60, 63, 70, 83, 89, 92] })
Tree 26: SplitPlaneNormal(SplitPlaneNormal<euclidean> { left: 24, right: 25, normal: Leaf { header: NodeHeaderEuclidean { bias: "0.8580" }, vector: [0.0064, -0.0347, -0.5050, 0.1150, -0.1841, -0.1740, -0.1482, -0.2880, 0.0158, -0.1222, "other ..."] } })
Tree 27: Descendants(Descendants { descendants: [2, 6, 16, 17, 19, 23, 26, 27, 28, 40, 41, 42, 45, 47, 53, 55, 64, 68, 71, 73, 77, 79, 91, 97, 99] })
Tree 28: Descendants(Descendants { descendants: [3, 8, 9, 13, 14, 21, 37, 39, 43, 46, 51, 52, 54, 57, 61, 66, 67, 72, 75, 78, 80, 81, 85, 86, 87, 90, 95, 96, 98] })
Tree 29: SplitPlaneNormal(SplitPlaneNormal<euclidean> { left: 27, right: 28, normal: Leaf { header: NodeHeaderEuclidean { bias: "-0.3445" }, vector: [0.0543, -0.0671, 0.0759, 0.0437, -0.0054, -0.0953, 0.1007, 0.0988, 0.0009, -0.2796, "other ..."] } })
Tree 30: Descendants(Descendants { descendants: [5, 9, 12, 15, 17, 18, 22, 33, 52, 53, 58, 69, 71, 74, 75, 82, 85, 88, 99] })
Tree 31: Descendants(Descendants { descendants: [4, 10, 25, 29, 30, 31, 32, 34, 35, 38, 39, 41, 43, 49, 51, 59, 60, 64, 65, 70, 76, 83, 84, 92] })
Tree 32: SplitPlaneNormal(SplitPlaneNormal<euclidean> { left: 30, right: 31, normal: Leaf { header: NodeHeaderEuclidean { bias: "0.0413" }, vector: [-0.1386, -0.0892, -0.2192, 0.1007, 0.1662, 0.1992, 0.1561, -0.1894, -0.0047, -0.5036, "other ..."] } })
Tree 33: Descendants(Descendants { descendants: [0, 2, 3, 7, 16, 21, 23, 24, 37, 44, 47, 50, 55, 57, 66, 67, 68, 73, 77, 80, 81, 87, 89, 94, 95, 96, 97, 98] })
Tree 34: Descendants(Descendants { descendants: [1, 6, 8, 11, 13, 14, 19, 20, 26, 27, 28, 36, 40, 42, 45, 46, 48, 54, 56, 61, 62, 63, 72, 78, 79, 86, 90, 91, 93] })
Tree 35: SplitPlaneNormal(SplitPlaneNormal<euclidean> { left: 33, right: 34, normal: Leaf { header: NodeHeaderEuclidean { bias: "-0.7813" }, vector: [0.2283, -0.0301, 0.0221, 0.3419, -0.1074, 0.1028, -0.0143, -0.4095, 0.1713, -0.2207, "other ..."] } })
Tree 36: Descendants(Descendants { descendants: [18, 23, 24, 38, 41, 43, 47, 61, 64, 71, 79, 95] })
Tree 37: Descendants(Descendants { descendants: [3, 6, 8, 17, 19, 20, 21, 26, 27, 37, 46, 52, 53, 55, 57, 60, 66, 68, 72, 73, 77, 78, 81, 85, 86, 87, 90, 91] })
Tree 38: SplitPlaneNormal(SplitPlaneNormal<euclidean> { left: 36, right: 37, normal: Leaf { header: NodeHeaderEuclidean { bias: "0.9826" }, vector: [0.0621, 0.1333, 0.1151, -0.1787, -0.1980, -0.2909, -0.1670, -0.2455, 0.1465, -0.2411, "other ..."] } })
Tree 39: Descendants(Descendants { descendants: [9, 30, 33, 65] })
Tree 40: Descendants(Descendants { descendants: [1, 13, 15, 16, 22, 28, 36, 45, 48, 54, 56, 58, 63, 80, 83, 89, 94, 97] })
Tree 41: Descendants(Descendants { descendants: [0, 2, 7, 11, 14, 39, 40, 42, 44, 62, 67, 69, 96, 98, 99] })
Tree 42: SplitPlaneNormal(SplitPlaneNormal<euclidean> { left: 40, right: 41, normal: Leaf { header: NodeHeaderEuclidean { bias: "-0.3337" }, vector: [-0.0277, 0.0111, 0.2902, -0.1474, -0.2389, 0.1891, -0.1465, 0.3082, 0.3863, -0.1365, "other ..."] } })
Tree 43: SplitPlaneNormal(SplitPlaneNormal<euclidean> { left: 39, right: 42, normal: Leaf { header: NodeHeaderEuclidean { bias: "0.7534" }, vector: [-0.0250, -0.2548, 0.1022, 0.2544, -0.2040, -0.3794, -0.0195, 0.2224, -0.0019, -0.2172, "other ..."] } })
Tree 44: Descendants(Descendants { descendants: [4, 5, 10, 12, 25, 29, 31, 32, 34, 35, 49, 50, 51, 59, 70, 74, 75, 76, 82, 84, 88, 92, 93] })
Tree 45: SplitPlaneNormal(SplitPlaneNormal<euclidean> { left: 43, right: 44, normal: Leaf { header: NodeHeaderEuclidean { bias: "0.0741" }, vector: [-0.1841, -0.3075, -0.1588, -0.0624, -0.0917, -0.1359, 0.3864, -0.1105, -0.0036, -0.2592, "other ..."] } })
Tree 46: Descendants(Descendants { descendants: [0, 4, 11, 14, 15, 17, 18, 20, 32, 35, 49, 52, 53, 55, 56, 59, 75, 77, 84, 89, 92, 94, 98] })
Tree 47: Descendants(Descendants { descendants: [3, 24, 30, 39, 46, 62, 66, 67, 69, 73, 91] })
Tree 48: SplitPlaneNormal(SplitPlaneNormal<euclidean> { left: 46, right: 47, normal: Leaf { header: NodeHeaderEuclidean { bias: "0.0823" }, vector: [-0.0437, 0.4360, 0.0071, -0.3022, 0.1217, 0.0621, -0.0552, -0.1529, -0.1505, 0.1638, "other ..."] } })
Tree 49: Descendants(Descendants { descendants: [6, 8, 16, 19, 21, 22, 23, 28, 37, 43, 54, 58, 60, 63, 64, 68, 71, 72, 78, 79, 80, 82, 88, 90, 99] })
Tree 50: SplitPlaneNormal(SplitPlaneNormal<euclidean> { left: 48, right: 49, normal: Leaf { header: NodeHeaderEuclidean { bias: "0.0810" }, vector: [0.0085, 0.1364, -0.1779, 0.1409, 0.0822, -0.1502, 0.2116, -0.3355, 0.1380, 0.0108, "other ..."] } })
Tree 51: Descendants(Descendants { descendants: [2, 7, 12, 27, 29, 33, 34, 36, 47, 51, 57, 61, 74, 85, 86, 93, 95, 96, 97] })
Tree 52: Descendants(Descendants { descendants: [1, 5, 9, 10, 13, 25, 26, 31, 38, 40, 41, 42, 44, 45, 48, 50, 65, 70, 76, 81, 83, 87] })
Tree 53: SplitPlaneNormal(SplitPlaneNormal<euclidean> { left: 51, right: 52, normal: Leaf { header: NodeHeaderEuclidean { bias: "0.1338" }, vector: [-0.0609, 0.0086, -0.2000, 0.0923, 0.1533, 0.1656, -0.0856, -0.3540, 0.1304, -0.0072, "other ..."] } })
Tree 54: Descendants(Descendants { descendants: [36, 39, 62, 81, 89, 93] })
Tree 55: Descendants(Descendants { descendants: [0, 1, 3, 6, 9, 14, 26, 29, 32, 34, 37, 38, 44, 47, 50, 54, 57, 61, 74, 77, 79, 86, 90, 95, 96] })
Tree 56: SplitPlaneNormal(SplitPlaneNormal<euclidean> { left: 54, right: 55, normal: Leaf { header: NodeHeaderEuclidean { bias: "0.7111" }, vector: [-0.0483, 0.0173, -0.3836, -0.1830, 0.2282, 0.0862, 0.0591, 0.2533, -0.0096, 0.1085, "other ..."] } })
Tree 57: Descendants(Descendants { descendants: [15, 20, 21, 22, 43, 58, 71, 76, 80, 82] })
Tree 58: SplitPlaneNormal(SplitPlaneNormal<euclidean> { left: 56, right: 57, normal: Leaf { header: NodeHeaderEuclidean { bias: "-0.3395" }, vector: [0.1390, 0.0334, 0.1318, -0.2016, 0.1608, -0.0309, -0.0216, -0.0063, -0.0220, 0.0322, "other ..."] } })
Tree 59: Descendants(Descendants { descendants: [5, 16, 25, 30, 35, 40, 41, 48, 49, 51, 60, 70, 85, 92] })
Tree 60: Descendants(Descendants { descendants: [4, 8, 12, 17, 18, 23, 24, 27, 28, 52, 53, 55, 56, 59, 63, 64, 67, 68, 73, 75, 78, 83, 87, 88, 94, 99] })
Tree 61: SplitPlaneNormal(SplitPlaneNormal<euclidean> { left: 59, right: 60, normal: Leaf { header: NodeHeaderEuclidean { bias: "-0.4039" }, vector: [0.3769, 0.0376, 0.1871, 0.1913, 0.3110, -0.2000, 0.1085, 0.1982, 0.1683, 0.0548, "other ..."] } })
Tree 62: Descendants(Descendants { descendants: [2, 7, 10, 11, 13, 19, 31, 33, 42, 45, 46, 65, 66, 69, 72, 84, 91, 97, 98] })
Tree 63: SplitPlaneNormal(SplitPlaneNormal<euclidean> { left: 61, right: 62, normal: Leaf { header: NodeHeaderEuclidean { bias: "-0.3949" }, vector: [-0.0495, 0.0658, 0.2323, 0.1854, 0.3495, -0.0897, -0.1301, -0.1341, -0.1506, -0.0808, "other ..."] } })
Tree 64: Descendants(Descendants { descendants: [1, 2, 3, 6, 10, 14, 25, 26, 27, 31, 40, 42, 44, 57, 62, 79, 81, 88, 90, 91, 97, 99] })
Tree 65: Descendants(Descendants { descendants: [7, 9, 29, 33, 36, 38, 48, 50, 70, 86, 89, 93, 95, 96] })
Tree 66: SplitPlaneNormal(SplitPlaneNormal<euclidean> { left: 64, right: 65, normal: Leaf { header: NodeHeaderEuclidean { bias: "0.1602" }, vector: [0.1521, 0.1089, -0.1552, 0.0846, -0.2234, 0.0801, 0.0090, 0.3519, -0.3178, 0.2954, "other ..."] } })
Tree 67: Descendants(Descendants { descendants: [17, 21, 37, 41, 46, 47, 52, 59, 60, 77, 85, 98] })
Tree 68: Descendants(Descendants { descendants: [0, 4, 8, 11, 15, 18, 20, 28, 30, 32, 35, 39, 53, 66, 67, 69, 72, 73, 74, 75, 84] })
Tree 69: Descendants(Descendants { descendants: [34, 45, 49, 54, 56, 63, 65, 76, 83, 92, 94] })
Tree 70: SplitPlaneNormal(SplitPlaneNormal<euclidean> { left: 68, right: 69, normal: Leaf { header: NodeHeaderEuclidean { bias: "-1.0899" }, vector: [0.0031, 0.0549, 0.2685, 0.3145, 0.1133, 0.2947, -0.0886, -0.2127, 0.0126, 0.2376, "other ..."] } })
Tree 71: Descendants(Descendants { descendants: [5, 12, 13, 16, 19, 22, 23, 24, 43, 51, 55, 58, 61, 64, 68, 71, 78, 80, 82, 87] })
Tree 72: SplitPlaneNormal(SplitPlaneNormal<euclidean> { left: 70, right: 71, normal: Leaf { header: NodeHeaderEuclidean { bias: "-0.3044" }, vector: [-0.0145, 0.3141, -0.1642, -0.1171, -0.1654, -0.0233, -0.0565, -0.1028, 0.0166, 0.2478, "other ..."] } })
Tree 73: SplitPlaneNormal(SplitPlaneNormal<euclidean> { left: 67, right: 72, normal: Leaf { header: NodeHeaderEuclidean { bias: "-0.1344" }, vector: [0.0129, 0.2435, 0.2349, -0.0484, 0.2422, -0.2681, 0.1833, -0.1857, -0.3249, -0.1537, "other ..."] } })
Tree 74: Descendants(Descendants { descendants: [1, 16, 18, 21, 22, 23, 35, 37, 43, 47, 54, 55, 71, 78, 80, 82, 89, 90, 95, 98] })
Tree 75: Descendants(Descendants { descendants: [15, 20, 24, 32, 34, 38, 49, 52, 53, 57, 58, 59, 60, 63, 68, 69, 75, 76, 79, 83, 84, 86, 88, 92, 94, 99] })
Tree 76: SplitPlaneNormal(SplitPlaneNormal<euclidean> { left: 74, right: 75, normal: Leaf { header: NodeHeaderEuclidean { bias: "0.3279" }, vector: [-0.2219, -0.1252, 0.0397, 0.2645, -0.0092, 0.1469, 0.0777, -0.1615, -0.1043, 0.0669, "other ..."] } })
Tree 77: Descendants(Descendants { descendants: [0, 8, 11, 19, 30, 41, 42, 44, 45, 46, 51, 56, 64, 66, 67, 72, 73, 81] })
Tree 78: Descendants(Descendants { descendants: [3, 5, 6, 9, 14, 17, 26, 27, 28, 40, 48, 77, 85, 87, 91, 93, 96] })
Tree 79: SplitPlaneNormal(SplitPlaneNormal<euclidean> { left: 77, right: 78, normal: Leaf { header: NodeHeaderEuclidean { bias: "-0.0001" }, vector: [-0.0435, 0.3355, 0.3262, 0.0352, -0.2209, 0.0684, -0.1247, -0.0310, 0.1508, 0.0856, "other ..."] } })
Tree 80: Descendants(Descendants { descendants: [2, 4, 7, 10, 12, 13, 25, 29, 31, 33, 36, 39, 50, 61, 62, 65, 70, 74, 97] })
Tree 81: SplitPlaneNormal(SplitPlaneNormal<euclidean> { left: 79, right: 80, normal: Leaf { header: NodeHeaderEuclidean { bias: "-0.4929" }, vector: [-0.2899, -0.1000, -0.0545, -0.0710, 0.1562, -0.0686, 0.2158, 0.0031, -0.3984, 0.1937, "other ..."] } })
Tree 82: Descendants(Descendants { descendants: [4, 18, 30, 34, 41, 43, 49, 51, 56, 61, 64, 76, 79, 84, 85, 88, 93, 94] })
Tree 83: Descendants(Descendants { descendants: [8, 12, 17, 21, 25, 37, 40, 52, 60, 67, 69, 71, 73, 75, 78, 87, 99] })
Tree 84: SplitPlaneNormal(SplitPlaneNormal<euclidean> { left: 82, right: 83, normal: Leaf { header: NodeHeaderEuclidean { bias: "0.4767" }, vector: [0.1869, 0.1680, -0.0610, -0.1739, -0.2091, -0.3621, -0.2980, 0.0260, -0.2019, 0.1121, "other ..."] } })
Tree 85: Descendants(Descendants { descendants: [2, 6, 13, 16, 19, 24, 26, 27, 28, 36, 42, 44, 45, 50, 54, 62, 65, 66, 72, 97] })
Tree 86: Descendants(Descendants { descendants: [1, 10, 11, 31, 33, 46, 47, 70, 86, 91, 98] })
Tree 87: SplitPlaneNormal(SplitPlaneNormal<euclidean> { left: 85, right: 86, normal: Leaf { header: NodeHeaderEuclidean { bias: "-0.2676" }, vector: [0.2076, -0.2436, -0.3938, 0.0593, -0.2604, 0.0931, -0.1010, 0.2622, 0.2030, -0.1545, "other ..."] } })
Tree 88: SplitPlaneNormal(SplitPlaneNormal<euclidean> { left: 84, right: 87, normal: Leaf { header: NodeHeaderEuclidean { bias: "0.0201" }, vector: [-0.1124, 0.1501, 0.1593, 0.1114, 0.1879, 0.1623, -0.2202, -0.1170, -0.3266, 0.2916, "other ..."] } })
Tree 89: Descendants(Descendants { descendants: [0, 5, 7, 9, 14, 15, 22, 29, 32, 35, 39, 53, 55, 59, 74, 82, 89, 92, 96] })
Tree 90: Descendants(Descendants { descendants: [3, 20, 23, 38, 48, 57, 58, 63, 68, 77, 80, 81, 83, 90, 95] })
Tree 91: SplitPlaneNormal(SplitPlaneNormal<euclidean> { left: 89, right: 90, normal: Leaf { header: NodeHeaderEuclidean { bias: "0.7103" }, vector: [-0.0174, 0.1012, -0.3409, 0.1977, 0.2175, -0.0333, -0.1155, -0.3879, 0.1104, 0.1831, "other ..."] } })
Item 0: Leaf(Leaf { header: NodeHeaderEuclidean { bias: "0.0000" }, vector: [0.8013, 0.2371, 0.6955, 0.8606, 0.5280, 0.2667, 0.6057, 0.9830, 0.9430, 0.0479, "other ..."] })
Item 1: Leaf(Leaf { header: NodeHeaderEuclidean { bias: "0.0000" }, vector: [0.4199, 0.2620, 0.2655, 0.8414, 0.0192, 0.3828, 0.2561, 0.2692, 0.0368, 0.4624, "other ..."] })
Item 2: Leaf(Leaf { header: NodeHeaderEuclidean { bias: "0.0000" }, vector: [0.1040, 0.9647, 0.8238, 0.5344, 0.4903, 0.4420, 0.7937, 0.4028, 0.2083, 0.3315, "other ..."] })
Item 3: Leaf(Leaf { header: NodeHeaderEuclidean { bias: "0.0000" }, vector: [0.0001, 0.7870, 0.9674, 0.4568, 0.5250, 0.2701, 0.2417, 0.8742, 0.6869, 0.8759, "other ..."] })
Item 4: Leaf(Leaf { header: NodeHeaderEuclidean { bias: "0.0000" }, vector: [0.8616, 0.3239, 0.5030, 0.3022, 0.8817, 0.3255, 0.9170, 0.9928, 0.3439, 0.0860, "other ..."] })
Item 5: Leaf(Leaf { header: NodeHeaderEuclidean { bias: "0.0000" }, vector: [0.0850, 0.7778, 0.8818, 0.3427, 0.1293, 0.7240, 0.4773, 0.2871, 0.3988, 0.4014, "other ..."] })
Item 6: Leaf(Leaf { header: NodeHeaderEuclidean { bias: "0.0000" }, vector: [0.8761, 0.9344, 0.8748, 0.9176, 0.4249, 0.1069, 0.0392, 0.1024, 0.9981, 0.7313, "other ..."] })
Item 7: Leaf(Leaf { header: NodeHeaderEuclidean { bias: "0.0000" }, vector: [0.5699, 0.5919, 0.7788, 0.3705, 0.3807, 0.1708, 0.3678, 0.5629, 0.0612, 0.4826, "other ..."] })
Item 8: Leaf(Leaf { header: NodeHeaderEuclidean { bias: "0.0000" }, vector: [0.9520, 0.3982, 0.4226, 0.7733, 0.5495, 0.2244, 0.7816, 0.2531, 0.6199, 0.1072, "other ..."] })
Item 9: Leaf(Leaf { header: NodeHeaderEuclidean { bias: "0.0000" }, vector: [0.8134, 0.9647, 0.6640, 0.4464, 0.7439, 0.6904, 0.3159, 0.7607, 0.3483, 0.9963, "other ..."] })
Item 10: Leaf(Leaf { header: NodeHeaderEuclidean { bias: "0.0000" }, vector: [0.0050, 0.0899, 0.0005, 0.4564, 0.8086, 0.0683, 0.5358, 0.2569, 0.1496, 0.6153, "other ..."] })
Item 11: Leaf(Leaf { header: NodeHeaderEuclidean { bias: "0.0000" }, vector: [0.6560, 0.2343, 0.4079, 0.5972, 0.5766, 0.6739, 0.2985, 0.6167, 0.4834, 0.2818, "other ..."] })
Item 12: Leaf(Leaf { header: NodeHeaderEuclidean { bias: "0.0000" }, vector: [0.2447, 0.1475, 0.7740, 0.4535, 0.7574, 0.0332, 0.5334, 0.6643, 0.1125, 0.4113, "other ..."] })
Item 13: Leaf(Leaf { header: NodeHeaderEuclidean { bias: "0.0000" }, vector: [0.1726, 0.7399, 0.0271, 0.8721, 0.8725, 0.4023, 0.1558, 0.1044, 0.2096, 0.2081, "other ..."] })
Item 14: Leaf(Leaf { header: NodeHeaderEuclidean { bias: "0.0000" }, vector: [0.4818, 0.7828, 0.7237, 0.2860, 0.0901, 0.4310, 0.0837, 0.7802, 0.8863, 0.1804, "other ..."] })
Item 15: Leaf(Leaf { header: NodeHeaderEuclidean { bias: "0.0000" }, vector: [0.6031, 0.2970, 0.9485, 0.0272, 0.4336, 0.1339, 0.2209, 0.8350, 0.2566, 0.9481, "other ..."] })
Item 16: Leaf(Leaf { header: NodeHeaderEuclidean { bias: "0.0000" }, vector: [0.4348, 0.7310, 0.5390, 0.4001, 0.3141, 0.8369, 0.4671, 0.1519, 0.5237, 0.1241, "other ..."] })
Item 17: Leaf(Leaf { header: NodeHeaderEuclidean { bias: "0.0000" }, vector: [0.0819, 0.5362, 0.8215, 0.2263, 0.3109, 0.2738, 0.6133, 0.5147, 0.9334, 0.9877, "other ..."] })
Item 18: Leaf(Leaf { header: NodeHeaderEuclidean { bias: "0.0000" }, vector: [0.5407, 0.5762, 0.7453, 0.1027, 0.5595, 0.5039, 0.8272, 0.9763, 0.9918, 0.1477, "other ..."] })
Item 19: Leaf(Leaf { header: NodeHeaderEuclidean { bias: "0.0000" }, vector: [0.1390, 0.7531, 0.3249, 0.8754, 0.9984, 0.7362, 0.0281, 0.2016, 0.9443, 0.1989, "other ..."] })
Item 20: Leaf(Leaf { header: NodeHeaderEuclidean { bias: "0.0000" }, vector: [0.9335, 0.4981, 0.2509, 0.4837, 0.1620, 0.1082, 0.0741, 0.0183, 0.5846, 0.5706, "other ..."] })
Item 21: Leaf(Leaf { header: NodeHeaderEuclidean { bias: "0.0000" }, vector: [0.6252, 0.9240, 0.7227, 0.6810, 0.2563, 0.3321, 0.2283, 0.9226, 0.8494, 0.0356, "other ..."] })
Item 22: Leaf(Leaf { header: NodeHeaderEuclidean { bias: "0.0000" }, vector: [0.9798, 0.5036, 0.8106, 0.3013, 0.1513, 0.2881, 0.4811, 0.6230, 0.1926, 0.0604, "other ..."] })
Item 23: Leaf(Leaf { header: NodeHeaderEuclidean { bias: "0.0000" }, vector: [0.9915, 0.6886, 0.1976, 0.1725, 0.6776, 0.1356, 0.3842, 0.4424, 0.6939, 0.8016, "other ..."] })
Item 24: Leaf(Leaf { header: NodeHeaderEuclidean { bias: "0.0000" }, vector: [0.2392, 0.8345, 0.1999, 0.5550, 0.2999, 0.8526, 0.2634, 0.0980, 0.1580, 0.5939, "other ..."] })
Item 25: Leaf(Leaf { header: NodeHeaderEuclidean { bias: "0.0000" }, vector: [0.0116, 0.5323, 0.3940, 0.1382, 0.1987, 0.7287, 0.4026, 0.1442, 0.5957, 0.0340, "other ..."] })
Item 26: Leaf(Leaf { header: NodeHeaderEuclidean { bias: "0.0000" }, vector: [0.3722, 0.7760, 0.6038, 0.9467, 0.4463, 0.6653, 0.5265, 0.1535, 0.8139, 0.9773, "other ..."] })
Item 27: Leaf(Leaf { header: NodeHeaderEuclidean { bias: "0.0000" }, vector: [0.3569, 0.9070, 0.8412, 0.3201, 0.6998, 0.8674, 0.5494, 0.2322, 0.2969, 0.9787, "other ..."] })
Item 28: Leaf(Leaf { header: NodeHeaderEuclidean { bias: "0.0000" }, vector: [0.8309, 0.4235, 0.2111, 0.9452, 0.9005, 0.0275, 0.1471, 0.2638, 0.2873, 0.2079, "other ..."] })
Item 29: Leaf(Leaf { header: NodeHeaderEuclidean { bias: "0.0000" }, vector: [0.6021, 0.0690, 0.1080, 0.2535, 0.6817, 0.7899, 0.3297, 0.8656, 0.1566, 0.3560, "other ..."] })
Item 30: Leaf(Leaf { header: NodeHeaderEuclidean { bias: "0.0000" }, vector: [0.5015, 0.9497, 0.6473, 0.1317, 0.4497, 0.9958, 0.1906, 0.0105, 0.2717, 0.2399, "other ..."] })
Item 31: Leaf(Leaf { header: NodeHeaderEuclidean { bias: "0.0000" }, vector: [0.7584, 0.3448, 0.7315, 0.5405, 0.6797, 0.3253, 0.8611, 0.0846, 0.0174, 0.0882, "other ..."] })
Item 32: Leaf(Leaf { header: NodeHeaderEuclidean { bias: "0.0000" }, vector: [0.3037, 0.1721, 0.4483, 0.7763, 0.2161, 0.2408, 0.7451, 0.7175, 0.6738, 0.0753, "other ..."] })
Item 33: Leaf(Leaf { header: NodeHeaderEuclidean { bias: "0.0000" }, vector: [0.3494, 0.5787, 0.8027, 0.9625, 0.5944, 0.6781, 0.4204, 0.5899, 0.0209, 0.9001, "other ..."] })
Item 34: Leaf(Leaf { header: NodeHeaderEuclidean { bias: "0.0000" }, vector: [0.8829, 0.2487, 0.4700, 0.7563, 0.1986, 0.8682, 0.1629, 0.1449, 0.2589, 0.0392, "other ..."] })
Item 35: Leaf(Leaf { header: NodeHeaderEuclidean { bias: "0.0000" }, vector: [0.3281, 0.1178, 0.0533, 0.4172, 0.3990, 0.0395, 0.8533, 0.1435, 0.9799, 0.4063, "other ..."] })
Item 36: Leaf(Leaf { header: NodeHeaderEuclidean { bias: "0.0000" }, vector: [0.8020, 0.7339, 0.9494, 0.9035, 0.2586, 0.5700, 0.6807, 0.1325, 0.1968, 0.5123, "other ..."] })
Item 37: Leaf(Leaf { header: NodeHeaderEuclidean { bias: "0.0000" }, vector: [0.6603, 0.3675, 0.1019, 0.2193, 0.3180, 0.0591, 0.9934, 0.8583, 0.7473, 0.3644, "other ..."] })
Item 38: Leaf(Leaf { header: NodeHeaderEuclidean { bias: "0.0000" }, vector: [0.0262, 0.7409, 0.1552, 0.9316, 0.1472, 0.6711, 0.8818, 0.6288, 0.1830, 0.8944, "other ..."] })
Item 39: Leaf(Leaf { header: NodeHeaderEuclidean { bias: "0.0000" }, vector: [0.4498, 0.4107, 0.9992, 0.3928, 0.4779, 0.4661, 0.1282, 0.8140, 0.7490, 0.5641, "other ..."] })
Item 40: Leaf(Leaf { header: NodeHeaderEuclidean { bias: "0.0000" }, vector: [0.0779, 0.2777, 0.8682, 0.3638, 0.1313, 0.7436, 0.0733, 0.0458, 0.8121, 0.2161, "other ..."] })
Item 41: Leaf(Leaf { header: NodeHeaderEuclidean { bias: "0.0000" }, vector: [0.7821, 0.0623, 0.1168, 0.3609, 0.6040, 0.8336, 0.0911, 0.2181, 0.7485, 0.0281, "other ..."] })
Item 42: Leaf(Leaf { header: NodeHeaderEuclidean { bias: "0.0000" }, vector: [0.2568, 0.4789, 0.6587, 0.7855, 0.9144, 0.3430, 0.0823, 0.2256, 0.8146, 0.2751, "other ..."] })
Item 43: Leaf(Leaf { header: NodeHeaderEuclidean { bias: "0.0000" }, vector: [0.8608, 0.8689, 0.4918, 0.2239, 0.9291, 0.0622, 0.6843, 0.4184, 0.4703, 0.3202, "other ..."] })
Item 44: Leaf(Leaf { header: NodeHeaderEuclidean { bias: "0.0000" }, vector: [0.6144, 0.5794, 0.3617, 0.7858, 0.8199, 0.8128, 0.0766, 0.6796, 0.2179, 0.3666, "other ..."] })
Item 45: Leaf(Leaf { header: NodeHeaderEuclidean { bias: "0.0000" }, vector: [0.9838, 0.4742, 0.5307, 0.6989, 0.9323, 0.2140, 0.1371, 0.1113, 0.0322, 0.3001, "other ..."] })
Item 46: Leaf(Leaf { header: NodeHeaderEuclidean { bias: "0.0000" }, vector: [0.9427, 0.5559, 0.3745, 0.7126, 0.6987, 0.9411, 0.1747, 0.2418, 0.5506, 0.2967, "other ..."] })
Item 47: Leaf(Leaf { header: NodeHeaderEuclidean { bias: "0.0000" }, vector: [0.4506, 0.8658, 0.1164, 0.2339, 0.2266, 0.9050, 0.5849, 0.9792, 0.5951, 0.7706, "other ..."] })
Item 48: Leaf(Leaf { header: NodeHeaderEuclidean { bias: "0.0000" }, vector: [0.5565, 0.1465, 0.0304, 0.5234, 0.3295, 0.7092, 0.4073, 0.1632, 0.1200, 0.2177, "other ..."] })
Item 49: Leaf(Leaf { header: NodeHeaderEuclidean { bias: "0.0000" }, vector: [0.1322, 0.0670, 0.3404, 0.5339, 0.0229, 0.5964, 0.5497, 0.3819, 0.6553, 0.7129, "other ..."] })
Item 50: Leaf(Leaf { header: NodeHeaderEuclidean { bias: "0.0000" }, vector: [0.3692, 0.5773, 0.3161, 0.6517, 0.8682, 0.3599, 0.3781, 0.9383, 0.2134, 0.4018, "other ..."] })
Item 51: Leaf(Leaf { header: NodeHeaderEuclidean { bias: "0.0000" }, vector: [0.3643, 0.3282, 0.2580, 0.4477, 0.5920, 0.3581, 0.3502, 0.2441, 0.1707, 0.1243, "other ..."] })
Item 52: Leaf(Leaf { header: NodeHeaderEuclidean { bias: "0.0000" }, vector: [0.8903, 0.8028, 0.1029, 0.2941, 0.2599, 0.0219, 0.1355, 0.5165, 0.8002, 0.3078, "other ..."] })
Item 53: Leaf(Leaf { header: NodeHeaderEuclidean { bias: "0.0000" }, vector: [0.5928, 0.6267, 0.1717, 0.1604, 0.6506, 0.0302, 0.8289, 0.5930, 0.9304, 0.6067, "other ..."] })
Item 54: Leaf(Leaf { header: NodeHeaderEuclidean { bias: "0.0000" }, vector: [0.2889, 0.9493, 0.8938, 0.7127, 0.4381, 0.0183, 0.8352, 0.3095, 0.4705, 0.2917, "other ..."] })
Item 55: Leaf(Leaf { header: NodeHeaderEuclidean { bias: "0.0000" }, vector: [0.6095, 0.6335, 0.4740, 0.0746, 0.3871, 0.1016, 0.6414, 0.3076, 0.5484, 0.7602, "other ..."] })
Item 56: Leaf(Leaf { header: NodeHeaderEuclidean { bias: "0.0000" }, vector: [0.5139, 0.5344, 0.7468, 0.8617, 0.5994, 0.9846, 0.2361, 0.3984, 0.5078, 0.0666, "other ..."] })
Item 57: Leaf(Leaf { header: NodeHeaderEuclidean { bias: "0.0000" }, vector: [0.1524, 0.3441, 0.2368, 0.4350, 0.5328, 0.3005, 0.7021, 0.3614, 0.6369, 0.7984, "other ..."] })
Item 58: Leaf(Leaf { header: NodeHeaderEuclidean { bias: "0.0000" }, vector: [0.6107, 0.3400, 0.5636, 0.3807, 0.7145, 0.4766, 0.5889, 0.5437, 0.2690, 0.7633, "other ..."] })
Item 59: Leaf(Leaf { header: NodeHeaderEuclidean { bias: "0.0000" }, vector: [0.6227, 0.1202, 0.9715, 0.3936, 0.3423, 0.7479, 0.6526, 0.1867, 0.5568, 0.0922, "other ..."] })
Item 60: Leaf(Leaf { header: NodeHeaderEuclidean { bias: "0.0000" }, vector: [0.1100, 0.1244, 0.0460, 0.6082, 0.1978, 0.9696, 0.9862, 0.1179, 0.9388, 0.2901, "other ..."] })
Item 61: Leaf(Leaf { header: NodeHeaderEuclidean { bias: "0.0000" }, vector: [0.1347, 0.7000, 0.0530, 0.4959, 0.8227, 0.9831, 0.5433, 0.5201, 0.7924, 0.3847, "other ..."] })
Item 62: Leaf(Leaf { header: NodeHeaderEuclidean { bias: "0.0000" }, vector: [0.1364, 0.8633, 0.9297, 0.6135, 0.2317, 0.4359, 0.2391, 0.3977, 0.5448, 0.5308, "other ..."] })
Item 63: Leaf(Leaf { header: NodeHeaderEuclidean { bias: "0.0000" }, vector: [0.9221, 0.3578, 0.3207, 0.9945, 0.9288, 0.4608, 0.3001, 0.0296, 0.4678, 0.7422, "other ..."] })
Item 64: Leaf(Leaf { header: NodeHeaderEuclidean { bias: "0.0000" }, vector: [0.4806, 0.3718, 0.0560, 0.5007, 0.9558, 0.4234, 0.8126, 0.4764, 0.4901, 0.6482, "other ..."] })
Item 65: Leaf(Leaf { header: NodeHeaderEuclidean { bias: "0.0000" }, vector: [0.5677, 0.1247, 0.4928, 0.4097, 0.8433, 0.9238, 0.7848, 0.4437, 0.4696, 0.9886, "other ..."] })
Item 66: Leaf(Leaf { header: NodeHeaderEuclidean { bias: "0.0000" }, vector: [0.6083, 0.8526, 0.7679, 0.5156, 0.8480, 0.2792, 0.3200, 0.0453, 0.2084, 0.4759, "other ..."] })
Item 67: Leaf(Leaf { header: NodeHeaderEuclidean { bias: "0.0000" }, vector: [0.5299, 0.5421, 0.8194, 0.1018, 0.5426, 0.9350, 0.3228, 0.7979, 0.7473, 0.1118, "other ..."] })
Item 68: Leaf(Leaf { header: NodeHeaderEuclidean { bias: "0.0000" }, vector: [0.2676, 0.9678, 0.0177, 0.3344, 0.6398, 0.0680, 0.6478, 0.0822, 0.8348, 0.7480, "other ..."] })
Item 69: Leaf(Leaf { header: NodeHeaderEuclidean { bias: "0.0000" }, vector: [0.6163, 0.7762, 0.4365, 0.6713, 0.5647, 0.3449, 0.6615, 0.9430, 0.5941, 0.3563, "other ..."] })
Item 70: Leaf(Leaf { header: NodeHeaderEuclidean { bias: "0.0000" }, vector: [0.2508, 0.2228, 0.0580, 0.2005, 0.3293, 0.6717, 0.7376, 0.4489, 0.1877, 0.7376, "other ..."] })
Item 71: Leaf(Leaf { header: NodeHeaderEuclidean { bias: "0.0000" }, vector: [0.6478, 0.9371, 0.2378, 0.4279, 0.1400, 0.2146, 0.3193, 0.7330, 0.7932, 0.7295, "other ..."] })
Item 72: Leaf(Leaf { header: NodeHeaderEuclidean { bias: "0.0000" }, vector: [0.3637, 0.8624, 0.6657, 0.4426, 0.9055, 0.7527, 0.3679, 0.4067, 0.8130, 0.2441, "other ..."] })
Item 73: Leaf(Leaf { header: NodeHeaderEuclidean { bias: "0.0000" }, vector: [0.4640, 0.7218, 0.0154, 0.0829, 0.4829, 0.5139, 0.4344, 0.5872, 0.2770, 0.3745, "other ..."] })
Item 74: Leaf(Leaf { header: NodeHeaderEuclidean { bias: "0.0000" }, vector: [0.5250, 0.1137, 0.4081, 0.2765, 0.1755, 0.3861, 0.7862, 0.8678, 0.3681, 0.1279, "other ..."] })
Item 75: Leaf(Leaf { header: NodeHeaderEuclidean { bias: "0.0000" }, vector: [0.3639, 0.3210, 0.3718, 0.7818, 0.6264, 0.2524, 0.6018, 0.4059, 0.9744, 0.3568, "other ..."] })
Item 76: Leaf(Leaf { header: NodeHeaderEuclidean { bias: "0.0000" }, vector: [0.5349, 0.5286, 0.2229, 0.8101, 0.6677, 0.9457, 0.9903, 0.6100, 0.3207, 0.0250, "other ..."] })
Item 77: Leaf(Leaf { header: NodeHeaderEuclidean { bias: "0.0000" }, vector: [0.6003, 0.7202, 0.3803, 0.5052, 0.4006, 0.6708, 0.0438, 0.8432, 0.8772, 0.6849, "other ..."] })
Item 78: Leaf(Leaf { header: NodeHeaderEuclidean { bias: "0.0000" }, vector: [0.7850, 0.8396, 0.1563, 0.0331, 0.3667, 0.6701, 0.5455, 0.2239, 0.8733, 0.0339, "other ..."] })
Item 79: Leaf(Leaf { header: NodeHeaderEuclidean { bias: "0.0000" }, vector: [0.8093, 0.7442, 0.3738, 0.9164, 0.5923, 0.7353, 0.5379, 0.6815, 0.5925, 0.7954, "other ..."] })
Item 80: Leaf(Leaf { header: NodeHeaderEuclidean { bias: "0.0000" }, vector: [0.5135, 0.8836, 0.7895, 0.4037, 0.6198, 0.1685, 0.2186, 0.6238, 0.3219, 0.6977, "other ..."] })
Item 81: Leaf(Leaf { header: NodeHeaderEuclidean { bias: "0.0000" }, vector: [0.2370, 0.7334, 0.4755, 0.8921, 0.1448, 0.2971, 0.2116, 0.1124, 0.7297, 0.2965, "other ..."] })
Item 82: Leaf(Leaf { header: NodeHeaderEuclidean { bias: "0.0000" }, vector: [0.9034, 0.0318, 0.8865, 0.1217, 0.2441, 0.7340, 0.2467, 0.2411, 0.7661, 0.5926, "other ..."] })
Item 83: Leaf(Leaf { header: NodeHeaderEuclidean { bias: "0.0000" }, vector: [0.3071, 0.2166, 0.0566, 0.5153, 0.8628, 0.9601, 0.6390, 0.4052, 0.2759, 0.4989, "other ..."] })
Item 84: Leaf(Leaf { header: NodeHeaderEuclidean { bias: "0.0000" }, vector: [0.2057, 0.2311, 0.9211, 0.3561, 0.6051, 0.3712, 0.7174, 0.4273, 0.7494, 0.1833, "other ..."] })
Item 85: Leaf(Leaf { header: NodeHeaderEuclidean { bias: "0.0000" }, vector: [0.4718, 0.3682, 0.4350, 0.3129, 0.1289, 0.7526, 0.8249, 0.5640, 0.9296, 0.8479, "other ..."] })
Item 86: Leaf(Leaf { header: NodeHeaderEuclidean { bias: "0.0000" }, vector: [0.9871, 0.6448, 0.0883, 0.6999, 0.1526, 0.2259, 0.4263, 0.9240, 0.2756, 0.3507, "other ..."] })
Item 87: Leaf(Leaf { header: NodeHeaderEuclidean { bias: "0.0000" }, vector: [0.2909, 0.8867, 0.3238, 0.4342, 0.3491, 0.4305, 0.8452, 0.0936, 0.1220, 0.3452, "other ..."] })
Item 88: Leaf(Leaf { header: NodeHeaderEuclidean { bias: "0.0000" }, vector: [0.1525, 0.7012, 0.9764, 0.8845, 0.5382, 0.6827, 0.8005, 0.4046, 0.9374, 0.6809, "other ..."] })
Item 89: Leaf(Leaf { header: NodeHeaderEuclidean { bias: "0.0000" }, vector: [0.6270, 0.3774, 0.7874, 0.7272, 0.4240, 0.1508, 0.0360, 0.5710, 0.2254, 0.0950, "other ..."] })
Item 90: Leaf(Leaf { header: NodeHeaderEuclidean { bias: "0.0000" }, vector: [0.4082, 0.6284, 0.5104, 0.7905, 0.1476, 0.2033, 0.4106, 0.2252, 0.8351, 0.3193, "other ..."] })
Item 91: Leaf(Leaf { header: NodeHeaderEuclidean { bias: "0.0000" }, vector: [0.8560, 0.9670, 0.3969, 0.5008, 0.1567, 0.7420, 0.0072, 0.1891, 0.9690, 0.0387, "other ..."] })
Item 92: Leaf(Leaf { header: NodeHeaderEuclidean { bias: "0.0000" }, vector: [0.7990, 0.2114, 0.7110, 0.6670, 0.0472, 0.2463, 0.5026, 0.0325, 0.2475, 0.1461, "other ..."] })
Item 93: Leaf(Leaf { header: NodeHeaderEuclidean { bias: "0.0000" }, vector: [0.5034, 0.4728, 0.9950, 0.7630, 0.0154, 0.4453, 0.6893, 0.6996, 0.0246, 0.0245, "other ..."] })
Item 94: Leaf(Leaf { header: NodeHeaderEuclidean { bias: "0.0000" }, vector: [0.6522, 0.5475, 0.9462, 0.7139, 0.9925, 0.7899, 0.9753, 0.6984, 0.4501, 0.8380, "other ..."] })
Item 95: Leaf(Leaf { header: NodeHeaderEuclidean { bias: "0.0000" }, vector: [0.8157, 0.8688, 0.2659, 0.6080, 0.5274, 0.1883, 0.7562, 0.8511, 0.6928, 0.8151, "other ..."] })
Item 96: Leaf(Leaf { header: NodeHeaderEuclidean { bias: "0.0000" }, vector: [0.6829, 0.8851, 0.9375, 0.7638, 0.4942, 0.5561, 0.4220, 0.9060, 0.2907, 0.6102, "other ..."] })
Item 97: Leaf(Leaf { header: NodeHeaderEuclidean { bias: "0.0000" }, vector: [0.0850, 0.4087, 0.7257, 0.3157, 0.9526, 0.5290, 0.5818, 0.5460, 0.1906, 0.9422, "other ..."] })
Item 98: Leaf(Leaf { header: NodeHeaderEuclidean { bias: "0.0000" }, vector: [0.5644, 0.3510, 0.4506, 0.6384, 0.6324, 0.5511, 0.5272, 0.8371, 0.9137, 0.4253, "other ..."] })
Item 99: Leaf(Leaf { header: NodeHeaderEuclidean { bias: "0.0000" }, vector: [0.8320, 0.5156, 0.6172, 0.6617, 0.4999, 0.2464, 0.4536, 0.3265, 0.2163, 0.5406, "other ..."] })
